TERM environment variable not set.
==========================================================
         Linux System Monitoring Dashboard
==========================================================
Date : 2026-07-21
Time : 07:42:01
==========================================================

[1/8] CPU Monitoring
------------------------------------------
=====================================
       Linux CPU Monitor
=====================================
Date        : 2026-07-21
Time        : 07:42:01
CPU Usage   : 3%
CPU Status  : NORMAL
=====================================

[2/8] Memory Monitoring
------------------------------------------
=====================================
      Linux Memory Monitor
=====================================
Date            : 2026-07-21
Time            : 07:42:01
Total Memory    : 3563 MB
Used Memory     : 503 MB
Free Memory     : 2926 MB
Available Memory: 3059 MB
Memory Usage    : 14%
Status          : NORMAL
=====================================

[3/8] Disk Monitoring
------------------------------------------
==========================================
         Linux Disk Monitor
==========================================
Date : 2026-07-21
Time : 07:42:01
==========================================
Filesystem : none
Mounted On : /usr/lib/modules/6.18.33.1-microsoft-standard-WSL2
Total Size : 1.8G
Used Space : 0
Free Space : 1.8G
Usage      : 0%
Status     : NORMAL
------------------------------------------
Filesystem : none
Mounted On : /mnt/wsl
Total Size : 1.8G
Used Space : 4.0K
Free Space : 1.8G
Usage      : 1%
Status     : NORMAL
------------------------------------------
Filesystem : drivers
Mounted On : /usr/lib/wsl/drivers
Total Size : 137G
Used Space : 98G
Free Space : 40G
Usage      : 72%
Status     : NORMAL
------------------------------------------
Filesystem : /dev/sdd
Mounted On : /
Total Size : 1007G
Used Space : 2.9G
Free Space : 953G
Usage      : 1%
Status     : NORMAL
------------------------------------------
Filesystem : none
Mounted On : /mnt/wslg
Total Size : 1.8G
Used Space : 36K
Free Space : 1.8G
Usage      : 1%
Status     : NORMAL
------------------------------------------
Filesystem : none
Mounted On : /usr/lib/wsl/lib
Total Size : 1.8G
Used Space : 0
Free Space : 1.8G
Usage      : 0%
Status     : NORMAL
------------------------------------------
Filesystem : rootfs
Mounted On : /init
Total Size : 1.8G
Used Space : 2.8M
Free Space : 1.8G
Usage      : 1%
Status     : NORMAL
------------------------------------------
Filesystem : none
Mounted On : /run
Total Size : 1.8G
Used Space : 832K
Free Space : 1.8G
Usage      : 1%
Status     : NORMAL
------------------------------------------
Filesystem : none
Mounted On : /run/lock
Total Size : 1.8G
Used Space : 0
Free Space : 1.8G
Usage      : 0%
Status     : NORMAL
------------------------------------------
Filesystem : none
Mounted On : /run/shm
Total Size : 1.8G
Used Space : 0
Free Space : 1.8G
Usage      : 0%
Status     : NORMAL
------------------------------------------
Filesystem : none
Mounted On : /mnt/wslg/versions.txt
Total Size : 1.8G
Used Space : 100K
Free Space : 1.8G
Usage      : 1%
Status     : NORMAL
------------------------------------------
Filesystem : none
Mounted On : /mnt/wslg/doc
Total Size : 1.8G
Used Space : 100K
Free Space : 1.8G
Usage      : 1%
Status     : NORMAL
------------------------------------------
Filesystem : C: 
Mounted On : /mnt/c
Total Size : 137G
Used Space : 98G
Free Space : 40G
Usage      : 72%
Status     : NORMAL
------------------------------------------
Filesystem : D: 
Mounted On : /mnt/d
Total Size : 9.6G
Used Space : 91M
Free Space : 9.5G
Usage      : 1%
Status     : NORMAL
------------------------------------------
Filesystem : none
Mounted On : /run/credentials/systemd-journald.service
Total Size : 1.0M
Used Space : 0
Free Space : 1.0M
Usage      : 0%
Status     : NORMAL
------------------------------------------
Filesystem : none
Mounted On : /run/credentials/systemd-resolved.service
Total Size : 1.0M
Used Space : 0
Free Space : 1.0M
Usage      : 0%
Status     : NORMAL
------------------------------------------
Filesystem : snapfuse
Mounted On : /snap/core18/2999
Total Size : 56M
Used Space : 56M
Free Space : 0
Usage      : 100%
Status     : CRITICAL
------------------------------------------
Filesystem : snapfuse
Mounted On : /snap/bare/5
Total Size : 128K
Used Space : 128K
Free Space : 0
Usage      : 100%
Status     : CRITICAL
------------------------------------------
Filesystem : snapfuse
Mounted On : /snap/gtk-common-themes/1535
Total Size : 92M
Used Space : 92M
Free Space : 0
Usage      : 100%
Status     : CRITICAL
------------------------------------------
Filesystem : snapfuse
Mounted On : /snap/gnome-3-34-1804/93
Total Size : 219M
Used Space : 219M
Free Space : 0
Usage      : 100%
Status     : CRITICAL
------------------------------------------
Filesystem : snapfuse
Mounted On : /snap/snapd/27406
Total Size : 51M
Used Space : 51M
Free Space : 0
Usage      : 100%
Status     : CRITICAL
------------------------------------------
Filesystem : none
Mounted On : /run/credentials/getty@tty1.service
Total Size : 1.0M
Used Space : 0
Free Space : 1.0M
Usage      : 0%
Status     : NORMAL
------------------------------------------
Disk monitoring completed.

[4/8] Network Monitoring
------------------------------------------
===========================================
        Linux Network Monitor
===========================================
Date                  : 2026-07-21
Time                  : 07:42:02
Hostname              : Somesz
IP Address            : 172.31.207.51
Default Gateway       : 172.31.192.1
Internet Status       : Connected
Listening Ports       : 12
Established Sessions  : 0
Logged-in Users       : 0
===========================================

Listening Ports
----------------------------
Netid State  Recv-Q Send-Q  Local Address:Port Peer Address:Port
udp   UNCONN 0      0          127.0.0.54:53        0.0.0.0:*   
udp   UNCONN 0      0       127.0.0.53%lo:53        0.0.0.0:*   
udp   UNCONN 0      0      10.255.255.254:53        0.0.0.0:*   
udp   UNCONN 0      0           127.0.0.1:323       0.0.0.0:*   
udp   UNCONN 0      0           127.0.0.1:323       0.0.0.0:*   
udp   UNCONN 0      0               [::1]:323          [::]:*   
udp   UNCONN 0      0               [::1]:323          [::]:*   
tcp   LISTEN 0      1000   10.255.255.254:53        0.0.0.0:*   
tcp   LISTEN 0      4096          0.0.0.0:22        0.0.0.0:*   
tcp   LISTEN 0      4096    127.0.0.53%lo:53        0.0.0.0:*   
tcp   LISTEN 0      4096       127.0.0.54:53        0.0.0.0:*   
tcp   LISTEN 0      4096             [::]:22           [::]:*   

Established Connections
----------------------------
Recv-Q Send-Q Local Address:Port Peer Address:Port

Network monitoring completed.

[5/8] Process Monitoring
------------------------------------------
==============================================
        Linux Process Monitor
==============================================
Date : 2026-07-21
Time : 07:42:03
==============================================
Total Running Processes : 44

Top 10 CPU Consuming Processes
---------------------------------------------------------------
PID      USER            CPU%     MEM%     COMMAND             
PID      USER            %CPU     %MEM     COMMAND             
1        root            3.2      0.4      systemd             
4380     root            0.5      0.1      cron                
265      root            0.1      1.0      snapd               
170      root            0.1      0.3      snapfuse            
94       root            0.1      0.3      systemd-udevd       
57       root            0.0      0.4      systemd-journal     
470      root            0.0      0.8      unattended-upgr     
234      root            0.0      0.8      networkd-dispat     
2780     root            0.0      0.4      wsl-pro-service     
624      gutz            0.0      0.3      systemd             

Top 10 Memory Consuming Processes
---------------------------------------------------------------
PID      USER            CPU%     MEM%     COMMAND             
PID      USER            %CPU     %MEM     COMMAND             
265      root            0.1      1.0      snapd               
470      root            0.0      0.8      unattended-upgr     
234      root            0.0      0.8      networkd-dispat     
340      root            0.0      0.5      NetworkManager      
57       root            0.0      0.4      systemd-journal     
1        root            3.2      0.4      systemd             
2780     root            0.0      0.4      wsl-pro-service     
87       systemd+        0.0      0.3      systemd-resolve     
94       root            0.1      0.3      systemd-udevd       
624      gutz            0.0      0.3      systemd             

Zombie Processes : 0
System Load Average :  0.05, 0.06, 0.03

Process monitoring completed successfully.

[6/8] Service Monitoring
------------------------------------------
======================================================
           Linux Service Monitoring
======================================================
Date : 2026-07-21
Time : 07:42:03
======================================================
SERVICE              STATUS         
------------------------------------------------------
ssh                  RUNNING        
cron                 RUNNING        
NetworkManager       RUNNING        
docker               NOT INSTALLED  
apache2              NOT INSTALLED  
nginx                NOT INSTALLED  
mysql                NOT INSTALLED  
------------------------------------------------------

Service monitoring completed successfully.

[7/8] SSH Monitoring
------------------------------------------
==================================================
           SSH Login Monitoring
==================================================
Date : 2026-07-21
Time : 07:42:09
==================================================

Failed SSH Login Attempts
--------------------------------------------------
No failed login attempts found.

Successful SSH Logins
--------------------------------------------------
No successful SSH logins found.

Invalid User Login Attempts
--------------------------------------------------
No invalid user attempts found.

==================================================
Summary
==================================================
Failed Logins     : 0
Successful Logins : 0
Invalid Users     : 0
==================================================

SSH monitoring completed successfully.

[8/8] System Log Monitoring
------------------------------------------
======================================================
             Linux Log Monitoring
======================================================
Date : 2026-07-21
Time : 07:42:09
======================================================

System Errors
------------------------------------------------------
2026-07-19T03:48:02.278005+00:00 Somesz systemd[1]: apport-autoreport.path - Process error reports when automatic reporting is enabled (file watch) skipped, unmet condition check ConditionPathExists=/var/lib/apport/autoreport
2026-07-19T03:48:02.278011+00:00 Somesz systemd[1]: apport-autoreport.timer - Process error reports when automatic reporting is enabled (timer based) skipped, unmet condition check ConditionPathExists=/var/lib/apport/autoreport
2026-07-19T03:53:51.710649+00:00 Somesz ubuntu-insights[711]: 2026/07/19 03:53:51 WARN failed to run wsl.exe -v error="exit status 1"
2026-07-19T03:53:52.866839+00:00 Somesz ubuntu-insights[711]: 2026/07/19 03:53:52 ERROR failed to collect insights: insights write failed: report already exists for this period
2026-07-19T10:48:51.569696+00:00 Somesz kernel: WSL (137) ERROR: CheckConnection: getaddrinfo() failed: -5
2026-07-20T06:24:44.691207+00:00 Somesz systemd[1]: apport-autoreport.path - Process error reports when automatic reporting is enabled (file watch) skipped, unmet condition check ConditionPathExists=/var/lib/apport/autoreport
2026-07-20T06:24:44.691212+00:00 Somesz systemd[1]: apport-autoreport.timer - Process error reports when automatic reporting is enabled (timer based) skipped, unmet condition check ConditionPathExists=/var/lib/apport/autoreport
2026-07-20T06:24:44.693622+00:00 Somesz kernel: RAS: Correctable Errors collector initialized.
2026-07-20T06:24:47.230732+00:00 Somesz kernel: WSL (135) ERROR: CheckConnection: getaddrinfo() failed: -5
2026-07-20T06:30:42.890848+00:00 Somesz ubuntu-insights[742]: 2026/07/20 06:30:42 WARN failed to run wsl.exe -v error="exit status 1"
2026-07-20T06:57:18.431981+00:00 Somesz kernel: bash[1212]: segfault at 7ffc6fb21fe8 ip 000062e4f3ef298c sp 00007ffc6fb21ff0 error 6 in bash[a398c,62e4f3e80000+103000] likely on CPU 4 (core 2, socket 0)
2026-07-20T07:14:59.246629+00:00 Somesz apt-helper[1113]: E: Sub-process nm-online returned an error code (1)
2026-07-20T08:00:10.187981+00:00 Somesz kernel: WSL (135) ERROR: CheckConnection: getaddrinfo() failed: -5
2026-07-20T09:56:33.966379+00:00 Somesz apt-helper[2956]: E: Sub-process nm-online returned an error code (1)
2026-07-20T09:57:39.952452+00:00 Somesz kernel: message repeated 4 times: [ WSL (135) ERROR: CheckConnection: getaddrinfo() failed: -5]
2026-07-21T07:03:52.644452+00:00 Somesz systemd[1]: apport-autoreport.path - Process error reports when automatic reporting is enabled (file watch) skipped, unmet condition check ConditionPathExists=/var/lib/apport/autoreport
2026-07-21T07:03:52.644463+00:00 Somesz systemd[1]: apport-autoreport.timer - Process error reports when automatic reporting is enabled (timer based) skipped, unmet condition check ConditionPathExists=/var/lib/apport/autoreport
2026-07-21T07:03:52.644716+00:00 Somesz kernel: RAS: Correctable Errors collector initialized.
2026-07-21T07:03:52.644811+00:00 Somesz kernel: WSL (139) ERROR: CheckConnection: getaddrinfo() failed: -5
2026-07-21T07:09:28.885874+00:00 Somesz ubuntu-insights[1067]: 2026/07/21 07:09:28 WARN failed to run wsl.exe -v error="exit status 1"
2026-07-21T07:09:30.064832+00:00 Somesz ubuntu-insights[1067]: 2026/07/21 07:09:30 ERROR failed to collect insights: insights write failed: report already exists for this period

System Warnings
------------------------------------------------------
2026-07-19T02:03:49.254305+00:00 Somesz wsl-pro-service[1075]: #033[33mWARNING#033[0m Daemon: could not connect to Windows Agent: could not get address: could not read agent port file "/mnt/c/Users/acer/.ubuntupro/.address": open /mnt/c/Users/acer/.ubuntupro/.address: no such file or directory
2026-07-19T02:14:52.831656+00:00 Somesz wsl-pro-service[1075]: message repeated 16 times: [ #033[33mWARNING#033[0m Daemon: could not connect to Windows Agent: could not get address: could not read agent port file "/mnt/c/Users/acer/.ubuntupro/.address": open /mnt/c/Users/acer/.ubuntupro/.address: no such file or directory]
2026-07-19T02:14:52.832039+00:00 Somesz wsl-pro-service[1075]: #033[33mWARNING#033[0m Exiting after <nil>: check if the Windows agent is installed and running.
2026-07-19T02:34:53.739500+00:00 Somesz wsl-pro-service[1256]: #033[33mWARNING#033[0m Daemon: could not connect to Windows Agent: could not get address: could not read agent port file "/mnt/c/Users/acer/.ubuntupro/.address": open /mnt/c/Users/acer/.ubuntupro/.address: no such file or directory
2026-07-19T02:45:57.387322+00:00 Somesz wsl-pro-service[1256]: message repeated 16 times: [ #033[33mWARNING#033[0m Daemon: could not connect to Windows Agent: could not get address: could not read agent port file "/mnt/c/Users/acer/.ubuntupro/.address": open /mnt/c/Users/acer/.ubuntupro/.address: no such file or directory]
2026-07-19T02:45:57.387742+00:00 Somesz wsl-pro-service[1256]: #033[33mWARNING#033[0m Exiting after <nil>: check if the Windows agent is installed and running.
2026-07-19T03:05:58.335501+00:00 Somesz wsl-pro-service[1466]: #033[33mWARNING#033[0m Daemon: could not connect to Windows Agent: could not get address: could not read agent port file "/mnt/c/Users/acer/.ubuntupro/.address": open /mnt/c/Users/acer/.ubuntupro/.address: no such file or directory
2026-07-19T03:09:01.528561+00:00 Somesz wsl-pro-service[1466]: message repeated 8 times: [ #033[33mWARNING#033[0m Daemon: could not connect to Windows Agent: could not get address: could not read agent port file "/mnt/c/Users/acer/.ubuntupro/.address": open /mnt/c/Users/acer/.ubuntupro/.address: no such file or directory]
2026-07-19T03:10:01.589629+00:00 Somesz wsl-pro-service[1466]: #033[33mWARNING#033[0m Daemon: could not connect to Windows Agent: could not get address: could not read agent port file "/mnt/c/Users/acer/.ubuntupro/.address": open /mnt/c/Users/acer/.ubuntupro/.address: no such file or directory
2026-07-19T03:11:01.652070+00:00 Somesz wsl-pro-service[1466]: #033[33mWARNING#033[0m Daemon: could not connect to Windows Agent: could not get address: could not read agent port file "/mnt/c/Users/acer/.ubuntupro/.address": open /mnt/c/Users/acer/.ubuntupro/.address: no such file or directory
2026-07-19T03:16:01.965234+00:00 Somesz wsl-pro-service[1466]: message repeated 5 times: [ #033[33mWARNING#033[0m Daemon: could not connect to Windows Agent: could not get address: could not read agent port file "/mnt/c/Users/acer/.ubuntupro/.address": open /mnt/c/Users/acer/.ubuntupro/.address: no such file or directory]
2026-07-19T03:17:02.026138+00:00 Somesz wsl-pro-service[1466]: #033[33mWARNING#033[0m Daemon: could not connect to Windows Agent: could not get address: could not read agent port file "/mnt/c/Users/acer/.ubuntupro/.address": open /mnt/c/Users/acer/.ubuntupro/.address: no such file or directory
2026-07-19T03:17:02.026267+00:00 Somesz wsl-pro-service[1466]: #033[33mWARNING#033[0m Exiting after <nil>: check if the Windows agent is installed and running.
2026-07-19T03:37:02.789132+00:00 Somesz wsl-pro-service[1745]: #033[33mWARNING#033[0m Daemon: could not connect to Windows Agent: could not get address: could not read agent port file "/mnt/c/Users/acer/.ubuntupro/.address": open /mnt/c/Users/acer/.ubuntupro/.address: no such file or directory
2026-07-19T03:45:06.259597+00:00 Somesz wsl-pro-service[1745]: message repeated 13 times: [ #033[33mWARNING#033[0m Daemon: could not connect to Windows Agent: could not get address: could not read agent port file "/mnt/c/Users/acer/.ubuntupro/.address": open /mnt/c/Users/acer/.ubuntupro/.address: no such file or directory]
2026-07-19T03:46:06.321203+00:00 Somesz wsl-pro-service[1745]: #033[33mWARNING#033[0m Daemon: could not connect to Windows Agent: could not get address: could not read agent port file "/mnt/c/Users/acer/.ubuntupro/.address": open /mnt/c/Users/acer/.ubuntupro/.address: no such file or directory
2026-07-19T03:47:06.353376+00:00 Somesz wsl-pro-service[1745]: #033[33mWARNING#033[0m Daemon: could not connect to Windows Agent: could not get address: could not read agent port file "/mnt/c/Users/acer/.ubuntupro/.address": open /mnt/c/Users/acer/.ubuntupro/.address: no such file or directory
2026-07-19T03:48:02.277460+00:00 Somesz kernel: WSL (2 - init-systemd(Ubuntu)) WARNING: /usr/share/zoneinfo/Asia/Calcutta not found. Is the tzdata package installed?
2026-07-19T03:48:02.477506+00:00 Somesz chronyd-starter.sh[210]: Warning: Running in a container, likely impossible and unintended to sync system clock
2026-07-19T03:48:03.659310+00:00 Somesz unattended-upgrade-shutdown[346]: /usr/share/unattended-upgrades/unattended-upgrade-shutdown:250: PyGIDeprecationWarning: GLib.unix_signal_add is deprecated; use GLibUnix.signal_add instead
2026-07-19T03:48:04.594169+00:00 Somesz wsl-pro-service[226]: #033[33mWARNING#033[0m Daemon: could not connect to Windows Agent: could not get address: could not read agent port file "/mnt/c/Users/acer/.ubuntupro/.address": open /mnt/c/Users/acer/.ubuntupro/.address: no such file or directory
2026-07-19T03:48:05.596844+00:00 Somesz wsl-pro-service[226]: #033[33mWARNING#033[0m Daemon: could not connect to Windows Agent: could not get address: could not read agent port file "/mnt/c/Users/acer/.ubuntupro/.address": open /mnt/c/Users/acer/.ubuntupro/.address: no such file or directory
2026-07-19T03:48:07.600660+00:00 Somesz wsl-pro-service[226]: #033[33mWARNING#033[0m Daemon: could not connect to Windows Agent: could not get address: could not read agent port file "/mnt/c/Users/acer/.ubuntupro/.address": open /mnt/c/Users/acer/.ubuntupro/.address: no such file or directory
2026-07-19T03:48:11.605272+00:00 Somesz wsl-pro-service[226]: #033[33mWARNING#033[0m Daemon: could not connect to Windows Agent: could not get address: could not read agent port file "/mnt/c/Users/acer/.ubuntupro/.address": open /mnt/c/Users/acer/.ubuntupro/.address: no such file or directory
2026-07-19T03:48:19.614892+00:00 Somesz wsl-pro-service[226]: #033[33mWARNING#033[0m Daemon: could not connect to Windows Agent: could not get address: could not read agent port file "/mnt/c/Users/acer/.ubuntupro/.address": open /mnt/c/Users/acer/.ubuntupro/.address: no such file or directory
2026-07-19T03:48:35.632721+00:00 Somesz wsl-pro-service[226]: #033[33mWARNING#033[0m Daemon: could not connect to Windows Agent: could not get address: could not read agent port file "/mnt/c/Users/acer/.ubuntupro/.address": open /mnt/c/Users/acer/.ubuntupro/.address: no such file or directory
2026-07-19T03:49:07.671044+00:00 Somesz wsl-pro-service[226]: #033[33mWARNING#033[0m Daemon: could not connect to Windows Agent: could not get address: could not read agent port file "/mnt/c/Users/acer/.ubuntupro/.address": open /mnt/c/Users/acer/.ubuntupro/.address: no such file or directory
2026-07-19T03:50:07.731142+00:00 Somesz wsl-pro-service[226]: #033[33mWARNING#033[0m Daemon: could not connect to Windows Agent: could not get address: could not read agent port file "/mnt/c/Users/acer/.ubuntupro/.address": open /mnt/c/Users/acer/.ubuntupro/.address: no such file or directory
2026-07-19T03:51:07.763672+00:00 Somesz wsl-pro-service[226]: #033[33mWARNING#033[0m Daemon: could not connect to Windows Agent: could not get address: could not read agent port file "/mnt/c/Users/acer/.ubuntupro/.address": open /mnt/c/Users/acer/.ubuntupro/.address: no such file or directory
2026-07-19T03:53:07.885847+00:00 Somesz wsl-pro-service[226]: message repeated 2 times: [ #033[33mWARNING#033[0m Daemon: could not connect to Windows Agent: could not get address: could not read agent port file "/mnt/c/Users/acer/.ubuntupro/.address": open /mnt/c/Users/acer/.ubuntupro/.address: no such file or directory]
2026-07-19T03:54:07.949755+00:00 Somesz wsl-pro-service[226]: #033[33mWARNING#033[0m Daemon: could not connect to Windows Agent: could not get address: could not read agent port file "/mnt/c/Users/acer/.ubuntupro/.address": open /mnt/c/Users/acer/.ubuntupro/.address: no such file or directory
2026-07-19T03:56:08.079833+00:00 Somesz wsl-pro-service[226]: message repeated 2 times: [ #033[33mWARNING#033[0m Daemon: could not connect to Windows Agent: could not get address: could not read agent port file "/mnt/c/Users/acer/.ubuntupro/.address": open /mnt/c/Users/acer/.ubuntupro/.address: no such file or directory]
2026-07-19T03:57:08.142007+00:00 Somesz wsl-pro-service[226]: #033[33mWARNING#033[0m Daemon: could not connect to Windows Agent: could not get address: could not read agent port file "/mnt/c/Users/acer/.ubuntupro/.address": open /mnt/c/Users/acer/.ubuntupro/.address: no such file or directory
2026-07-19T03:59:08.266828+00:00 Somesz wsl-pro-service[226]: message repeated 2 times: [ #033[33mWARNING#033[0m Daemon: could not connect to Windows Agent: could not get address: could not read agent port file "/mnt/c/Users/acer/.ubuntupro/.address": open /mnt/c/Users/acer/.ubuntupro/.address: no such file or directory]
2026-07-19T03:59:08.267324+00:00 Somesz wsl-pro-service[226]: #033[33mWARNING#033[0m Exiting after <nil>: check if the Windows agent is installed and running.
2026-07-19T10:33:51.416109+00:00 Somesz kernel: WSL (2 - init-systemd(Ubuntu)) WARNING: /usr/share/zoneinfo/Asia/Calcutta not found. Is the tzdata package installed?
2026-07-19T10:33:51.416159+00:00 Somesz kernel: WSL (2 - init-systemd(Ubuntu)) WARNING: /usr/share/zoneinfo/Asia/Calcutta not found. Is the tzdata package installed?
2026-07-19T10:47:44.453415+00:00 Somesz wsl-pro-service[1006]: #033[33mWARNING#033[0m Daemon: could not connect to Windows Agent: could not get address: could not read agent port file "/mnt/c/Users/acer/.ubuntupro/.address": open /mnt/c/Users/acer/.ubuntupro/.address: no such file or directory
2026-07-19T10:48:51.569780+00:00 Somesz kernel: WSL (2 - init-systemd(Ubuntu)) WARNING: /usr/share/zoneinfo/Asia/Calcutta not found. Is the tzdata package installed?
2026-07-19T10:48:47.533618+00:00 Somesz wsl-pro-service[1006]: message repeated 6 times: [ #033[33mWARNING#033[0m Daemon: could not connect to Windows Agent: could not get address: could not read agent port file "/mnt/c/Users/acer/.ubuntupro/.address": open /mnt/c/Users/acer/.ubuntupro/.address: no such file or directory]
2026-07-19T16:19:46.610873+00:00 Somesz wsl-pro-service[1006]: #033[33mWARNING#033[0m Daemon: could not connect to Windows Agent: could not get address: could not read agent port file "/mnt/c/Users/acer/.ubuntupro/.address": open /mnt/c/Users/acer/.ubuntupro/.address: no such file or directory
2026-07-19T16:20:46.672181+00:00 Somesz wsl-pro-service[1006]: #033[33mWARNING#033[0m Daemon: could not connect to Windows Agent: could not get address: could not read agent port file "/mnt/c/Users/acer/.ubuntupro/.address": open /mnt/c/Users/acer/.ubuntupro/.address: no such file or directory
2026-07-19T16:21:46.733280+00:00 Somesz wsl-pro-service[1006]: #033[33mWARNING#033[0m Daemon: could not connect to Windows Agent: could not get address: could not read agent port file "/mnt/c/Users/acer/.ubuntupro/.address": open /mnt/c/Users/acer/.ubuntupro/.address: no such file or directory
2026-07-19T16:25:46.930052+00:00 Somesz wsl-pro-service[1006]: message repeated 4 times: [ #033[33mWARNING#033[0m Daemon: could not connect to Windows Agent: could not get address: could not read agent port file "/mnt/c/Users/acer/.ubuntupro/.address": open /mnt/c/Users/acer/.ubuntupro/.address: no such file or directory]
2026-07-19T16:26:46.991413+00:00 Somesz wsl-pro-service[1006]: #033[33mWARNING#033[0m Daemon: could not connect to Windows Agent: could not get address: could not read agent port file "/mnt/c/Users/acer/.ubuntupro/.address": open /mnt/c/Users/acer/.ubuntupro/.address: no such file or directory
2026-07-19T16:28:47.068046+00:00 Somesz wsl-pro-service[1006]: message repeated 2 times: [ #033[33mWARNING#033[0m Daemon: could not connect to Windows Agent: could not get address: could not read agent port file "/mnt/c/Users/acer/.ubuntupro/.address": open /mnt/c/Users/acer/.ubuntupro/.address: no such file or directory]
2026-07-19T16:28:47.068728+00:00 Somesz wsl-pro-service[1006]: #033[33mWARNING#033[0m Exiting after <nil>: check if the Windows agent is installed and running.
2026-07-19T10:48:51.569782+00:00 Somesz kernel: WSL (2 - init-systemd(Ubuntu)) WARNING: /usr/share/zoneinfo/Asia/Calcutta not found. Is the tzdata package installed?
2026-07-19T16:48:48.437364+00:00 Somesz wsl-pro-service[1739]: #033[33mWARNING#033[0m Daemon: could not connect to Windows Agent: could not get address: could not read agent port file "/mnt/c/Users/acer/.ubuntupro/.address": open /mnt/c/Users/acer/.ubuntupro/.address: no such file or directory
2026-07-19T16:59:52.087746+00:00 Somesz wsl-pro-service[1739]: message repeated 16 times: [ #033[33mWARNING#033[0m Daemon: could not connect to Windows Agent: could not get address: could not read agent port file "/mnt/c/Users/acer/.ubuntupro/.address": open /mnt/c/Users/acer/.ubuntupro/.address: no such file or directory]
2026-07-19T16:59:52.102074+00:00 Somesz wsl-pro-service[1739]: #033[33mWARNING#033[0m Exiting after <nil>: check if the Windows agent is installed and running.
2026-07-19T17:19:53.674603+00:00 Somesz wsl-pro-service[2312]: #033[33mWARNING#033[0m Daemon: could not connect to Windows Agent: could not get address: could not read agent port file "/mnt/c/Users/acer/.ubuntupro/.address": open /mnt/c/Users/acer/.ubuntupro/.address: no such file or directory
2026-07-19T17:30:57.342671+00:00 Somesz wsl-pro-service[2312]: message repeated 16 times: [ #033[33mWARNING#033[0m Daemon: could not connect to Windows Agent: could not get address: could not read agent port file "/mnt/c/Users/acer/.ubuntupro/.address": open /mnt/c/Users/acer/.ubuntupro/.address: no such file or directory]
2026-07-19T17:30:57.343172+00:00 Somesz wsl-pro-service[2312]: #033[33mWARNING#033[0m Exiting after <nil>: check if the Windows agent is installed and running.
2026-07-20T06:24:44.688563+00:00 Somesz kernel: Speculative Return Stack Overflow: WARNING: See https://kernel.org/doc/html/latest/admin-guide/hw-vuln/srso.html for mitigation options.
2026-07-20T06:24:44.692439+00:00 Somesz kernel: SGI XFS with ACLs, security attributes, realtime, verbose warnings, quota, no debug enabled
2026-07-20T06:24:44.693808+00:00 Somesz kernel: WSL (2 - init-systemd(Ubuntu)) WARNING: /usr/share/zoneinfo/Asia/Calcutta not found. Is the tzdata package installed?
2026-07-20T06:24:44.770088+00:00 Somesz chronyd-starter.sh[212]: Warning: Running in a container, likely impossible and unintended to sync system clock
2026-07-20T06:24:45.618249+00:00 Somesz unattended-upgrade-shutdown[354]: /usr/share/unattended-upgrades/unattended-upgrade-shutdown:250: PyGIDeprecationWarning: GLib.unix_signal_add is deprecated; use GLibUnix.signal_add instead
2026-07-20T06:24:46.539301+00:00 Somesz wsl-pro-service[231]: #033[33mWARNING#033[0m Daemon: could not connect to Windows Agent: could not get address: could not read agent port file "/mnt/c/Users/acer/.ubuntupro/.address": open /mnt/c/Users/acer/.ubuntupro/.address: no such file or directory
2026-07-20T06:24:47.555124+00:00 Somesz wsl-pro-service[231]: #033[33mWARNING#033[0m Daemon: could not connect to Windows Agent: could not get address: could not read agent port file "/mnt/c/Users/acer/.ubuntupro/.address": open /mnt/c/Users/acer/.ubuntupro/.address: no such file or directory
2026-07-20T06:24:48.552313+00:00 Somesz snapd[228]: autorepair.go:177: WARNING: the system booted with an old initrd without unlocked status reporting
2026-07-20T06:24:49.560985+00:00 Somesz wsl-pro-service[231]: #033[33mWARNING#033[0m Daemon: could not connect to Windows Agent: could not get address: could not read agent port file "/mnt/c/Users/acer/.ubuntupro/.address": open /mnt/c/Users/acer/.ubuntupro/.address: no such file or directory
2026-07-20T06:24:53.568427+00:00 Somesz wsl-pro-service[231]: #033[33mWARNING#033[0m Daemon: could not connect to Windows Agent: could not get address: could not read agent port file "/mnt/c/Users/acer/.ubuntupro/.address": open /mnt/c/Users/acer/.ubuntupro/.address: no such file or directory
2026-07-20T06:25:01.578086+00:00 Somesz wsl-pro-service[231]: #033[33mWARNING#033[0m Daemon: could not connect to Windows Agent: could not get address: could not read agent port file "/mnt/c/Users/acer/.ubuntupro/.address": open /mnt/c/Users/acer/.ubuntupro/.address: no such file or directory
2026-07-20T06:25:17.601178+00:00 Somesz wsl-pro-service[231]: #033[33mWARNING#033[0m Daemon: could not connect to Windows Agent: could not get address: could not read agent port file "/mnt/c/Users/acer/.ubuntupro/.address": open /mnt/c/Users/acer/.ubuntupro/.address: no such file or directory
2026-07-20T06:25:49.638590+00:00 Somesz wsl-pro-service[231]: #033[33mWARNING#033[0m Daemon: could not connect to Windows Agent: could not get address: could not read agent port file "/mnt/c/Users/acer/.ubuntupro/.address": open /mnt/c/Users/acer/.ubuntupro/.address: no such file or directory
2026-07-20T06:28:49.829483+00:00 Somesz wsl-pro-service[231]: message repeated 3 times: [ #033[33mWARNING#033[0m Daemon: could not connect to Windows Agent: could not get address: could not read agent port file "/mnt/c/Users/acer/.ubuntupro/.address": open /mnt/c/Users/acer/.ubuntupro/.address: no such file or directory]
2026-07-20T06:29:49.894817+00:00 Somesz wsl-pro-service[231]: #033[33mWARNING#033[0m Daemon: could not connect to Windows Agent: could not get address: could not read agent port file "/mnt/c/Users/acer/.ubuntupro/.address": open /mnt/c/Users/acer/.ubuntupro/.address: no such file or directory
2026-07-20T06:30:49.926593+00:00 Somesz wsl-pro-service[231]: #033[33mWARNING#033[0m Daemon: could not connect to Windows Agent: could not get address: could not read agent port file "/mnt/c/Users/acer/.ubuntupro/.address": open /mnt/c/Users/acer/.ubuntupro/.address: no such file or directory
2026-07-20T06:31:49.989136+00:00 Somesz wsl-pro-service[231]: #033[33mWARNING#033[0m Daemon: could not connect to Windows Agent: could not get address: could not read agent port file "/mnt/c/Users/acer/.ubuntupro/.address": open /mnt/c/Users/acer/.ubuntupro/.address: no such file or directory
2026-07-20T06:32:50.032833+00:00 Somesz wsl-pro-service[231]: #033[33mWARNING#033[0m Daemon: could not connect to Windows Agent: could not get address: could not read agent port file "/mnt/c/Users/acer/.ubuntupro/.address": open /mnt/c/Users/acer/.ubuntupro/.address: no such file or directory
2026-07-20T06:33:50.064058+00:00 Somesz wsl-pro-service[231]: #033[33mWARNING#033[0m Daemon: could not connect to Windows Agent: could not get address: could not read agent port file "/mnt/c/Users/acer/.ubuntupro/.address": open /mnt/c/Users/acer/.ubuntupro/.address: no such file or directory
2026-07-20T06:35:50.189985+00:00 Somesz wsl-pro-service[231]: message repeated 2 times: [ #033[33mWARNING#033[0m Daemon: could not connect to Windows Agent: could not get address: could not read agent port file "/mnt/c/Users/acer/.ubuntupro/.address": open /mnt/c/Users/acer/.ubuntupro/.address: no such file or directory]
2026-07-20T06:35:50.194699+00:00 Somesz wsl-pro-service[231]: #033[33mWARNING#033[0m Exiting after <nil>: check if the Windows agent is installed and running.
2026-07-20T06:55:51.499674+00:00 Somesz wsl-pro-service[941]: #033[33mWARNING#033[0m Daemon: could not connect to Windows Agent: could not get address: could not read agent port file "/mnt/c/Users/acer/.ubuntupro/.address": open /mnt/c/Users/acer/.ubuntupro/.address: no such file or directory
2026-07-20T07:06:55.163210+00:00 Somesz wsl-pro-service[941]: message repeated 16 times: [ #033[33mWARNING#033[0m Daemon: could not connect to Windows Agent: could not get address: could not read agent port file "/mnt/c/Users/acer/.ubuntupro/.address": open /mnt/c/Users/acer/.ubuntupro/.address: no such file or directory]
2026-07-20T07:06:55.175959+00:00 Somesz wsl-pro-service[941]: #033[33mWARNING#033[0m Exiting after <nil>: check if the Windows agent is installed and running.
2026-07-20T07:26:56.288595+00:00 Somesz wsl-pro-service[1298]: #033[33mWARNING#033[0m Daemon: could not connect to Windows Agent: could not get address: could not read agent port file "/mnt/c/Users/acer/.ubuntupro/.address": open /mnt/c/Users/acer/.ubuntupro/.address: no such file or directory
2026-07-20T07:37:59.909438+00:00 Somesz wsl-pro-service[1298]: message repeated 16 times: [ #033[33mWARNING#033[0m Daemon: could not connect to Windows Agent: could not get address: could not read agent port file "/mnt/c/Users/acer/.ubuntupro/.address": open /mnt/c/Users/acer/.ubuntupro/.address: no such file or directory]
2026-07-20T07:37:59.910028+00:00 Somesz wsl-pro-service[1298]: #033[33mWARNING#033[0m Exiting after <nil>: check if the Windows agent is installed and running.
2026-07-20T07:58:00.646950+00:00 Somesz wsl-pro-service[1482]: #033[33mWARNING#033[0m Daemon: could not connect to Windows Agent: could not get address: could not read agent port file "/mnt/c/Users/acer/.ubuntupro/.address": open /mnt/c/Users/acer/.ubuntupro/.address: no such file or directory
2026-07-20T08:09:04.290381+00:00 Somesz wsl-pro-service[1482]: message repeated 16 times: [ #033[33mWARNING#033[0m Daemon: could not connect to Windows Agent: could not get address: could not read agent port file "/mnt/c/Users/acer/.ubuntupro/.address": open /mnt/c/Users/acer/.ubuntupro/.address: no such file or directory]
2026-07-20T08:09:04.290799+00:00 Somesz wsl-pro-service[1482]: #033[33mWARNING#033[0m Exiting after <nil>: check if the Windows agent is installed and running.
2026-07-20T08:29:05.403427+00:00 Somesz wsl-pro-service[1721]: #033[33mWARNING#033[0m Daemon: could not connect to Windows Agent: could not get address: could not read agent port file "/mnt/c/Users/acer/.ubuntupro/.address": open /mnt/c/Users/acer/.ubuntupro/.address: no such file or directory
2026-07-20T08:40:09.075748+00:00 Somesz wsl-pro-service[1721]: message repeated 16 times: [ #033[33mWARNING#033[0m Daemon: could not connect to Windows Agent: could not get address: could not read agent port file "/mnt/c/Users/acer/.ubuntupro/.address": open /mnt/c/Users/acer/.ubuntupro/.address: no such file or directory]
2026-07-20T08:40:09.077116+00:00 Somesz wsl-pro-service[1721]: #033[33mWARNING#033[0m Exiting after <nil>: check if the Windows agent is installed and running.
2026-07-20T09:00:10.311012+00:00 Somesz wsl-pro-service[2706]: #033[33mWARNING#033[0m Daemon: could not connect to Windows Agent: could not get address: could not read agent port file "/mnt/c/Users/acer/.ubuntupro/.address": open /mnt/c/Users/acer/.ubuntupro/.address: no such file or directory
2026-07-20T09:00:41.363603+00:00 Somesz wsl-pro-service[2706]: message repeated 5 times: [ #033[33mWARNING#033[0m Daemon: could not connect to Windows Agent: could not get address: could not read agent port file "/mnt/c/Users/acer/.ubuntupro/.address": open /mnt/c/Users/acer/.ubuntupro/.address: no such file or directory]
2026-07-20T09:01:13.398691+00:00 Somesz wsl-pro-service[2706]: #033[33mWARNING#033[0m Daemon: could not connect to Windows Agent: could not get address: could not read agent port file "/mnt/c/Users/acer/.ubuntupro/.address": open /mnt/c/Users/acer/.ubuntupro/.address: no such file or directory
2026-07-20T09:11:14.016094+00:00 Somesz wsl-pro-service[2706]: message repeated 10 times: [ #033[33mWARNING#033[0m Daemon: could not connect to Windows Agent: could not get address: could not read agent port file "/mnt/c/Users/acer/.ubuntupro/.address": open /mnt/c/Users/acer/.ubuntupro/.address: no such file or directory]
2026-07-20T09:11:14.016585+00:00 Somesz wsl-pro-service[2706]: #033[33mWARNING#033[0m Exiting after <nil>: check if the Windows agent is installed and running.
2026-07-20T09:31:15.224107+00:00 Somesz wsl-pro-service[2836]: #033[33mWARNING#033[0m Daemon: could not connect to Windows Agent: could not get address: could not read agent port file "/mnt/c/Users/acer/.ubuntupro/.address": open /mnt/c/Users/acer/.ubuntupro/.address: no such file or directory
2026-07-20T09:42:18.909399+00:00 Somesz wsl-pro-service[2836]: message repeated 16 times: [ #033[33mWARNING#033[0m Daemon: could not connect to Windows Agent: could not get address: could not read agent port file "/mnt/c/Users/acer/.ubuntupro/.address": open /mnt/c/Users/acer/.ubuntupro/.address: no such file or directory]
2026-07-20T09:42:18.918843+00:00 Somesz wsl-pro-service[2836]: #033[33mWARNING#033[0m Exiting after <nil>: check if the Windows agent is installed and running.
2026-07-20T10:02:20.445884+00:00 Somesz wsl-pro-service[3201]: #033[33mWARNING#033[0m Daemon: could not connect to Windows Agent: could not get address: could not read agent port file "/mnt/c/Users/acer/.ubuntupro/.address": open /mnt/c/Users/acer/.ubuntupro/.address: no such file or directory
2026-07-20T10:13:24.104095+00:00 Somesz wsl-pro-service[3201]: message repeated 16 times: [ #033[33mWARNING#033[0m Daemon: could not connect to Windows Agent: could not get address: could not read agent port file "/mnt/c/Users/acer/.ubuntupro/.address": open /mnt/c/Users/acer/.ubuntupro/.address: no such file or directory]
2026-07-20T10:13:24.104523+00:00 Somesz wsl-pro-service[3201]: #033[33mWARNING#033[0m Exiting after <nil>: check if the Windows agent is installed and running.
2026-07-20T10:33:25.051326+00:00 Somesz wsl-pro-service[3240]: #033[33mWARNING#033[0m Daemon: could not connect to Windows Agent: could not get address: could not read agent port file "/mnt/c/Users/acer/.ubuntupro/.address": open /mnt/c/Users/acer/.ubuntupro/.address: no such file or directory
2026-07-20T10:34:28.125858+00:00 Somesz wsl-pro-service[3240]: message repeated 6 times: [ #033[33mWARNING#033[0m Daemon: could not connect to Windows Agent: could not get address: could not read agent port file "/mnt/c/Users/acer/.ubuntupro/.address": open /mnt/c/Users/acer/.ubuntupro/.address: no such file or directory]
2026-07-20T10:35:28.188179+00:00 Somesz wsl-pro-service[3240]: #033[33mWARNING#033[0m Daemon: could not connect to Windows Agent: could not get address: could not read agent port file "/mnt/c/Users/acer/.ubuntupro/.address": open /mnt/c/Users/acer/.ubuntupro/.address: no such file or directory
2026-07-20T10:44:28.678017+00:00 Somesz wsl-pro-service[3240]: message repeated 9 times: [ #033[33mWARNING#033[0m Daemon: could not connect to Windows Agent: could not get address: could not read agent port file "/mnt/c/Users/acer/.ubuntupro/.address": open /mnt/c/Users/acer/.ubuntupro/.address: no such file or directory]
2026-07-20T10:44:28.678353+00:00 Somesz wsl-pro-service[3240]: #033[33mWARNING#033[0m Exiting after <nil>: check if the Windows agent is installed and running.
2026-07-20T11:04:29.438200+00:00 Somesz wsl-pro-service[3400]: #033[33mWARNING#033[0m Daemon: could not connect to Windows Agent: could not get address: could not read agent port file "/mnt/c/Users/acer/.ubuntupro/.address": open /mnt/c/Users/acer/.ubuntupro/.address: no such file or directory
2026-07-20T11:15:33.135392+00:00 Somesz wsl-pro-service[3400]: message repeated 16 times: [ #033[33mWARNING#033[0m Daemon: could not connect to Windows Agent: could not get address: could not read agent port file "/mnt/c/Users/acer/.ubuntupro/.address": open /mnt/c/Users/acer/.ubuntupro/.address: no such file or directory]
2026-07-20T11:15:33.135899+00:00 Somesz wsl-pro-service[3400]: #033[33mWARNING#033[0m Exiting after <nil>: check if the Windows agent is installed and running.
2026-07-20T11:35:33.910204+00:00 Somesz wsl-pro-service[3595]: #033[33mWARNING#033[0m Daemon: could not connect to Windows Agent: could not get address: could not read agent port file "/mnt/c/Users/acer/.ubuntupro/.address": open /mnt/c/Users/acer/.ubuntupro/.address: no such file or directory
2026-07-20T11:46:37.545027+00:00 Somesz wsl-pro-service[3595]: message repeated 16 times: [ #033[33mWARNING#033[0m Daemon: could not connect to Windows Agent: could not get address: could not read agent port file "/mnt/c/Users/acer/.ubuntupro/.address": open /mnt/c/Users/acer/.ubuntupro/.address: no such file or directory]
2026-07-20T11:46:37.545442+00:00 Somesz wsl-pro-service[3595]: #033[33mWARNING#033[0m Exiting after <nil>: check if the Windows agent is installed and running.
2026-07-20T12:06:38.399003+00:00 Somesz wsl-pro-service[3791]: #033[33mWARNING#033[0m Daemon: could not connect to Windows Agent: could not get address: could not read agent port file "/mnt/c/Users/acer/.ubuntupro/.address": open /mnt/c/Users/acer/.ubuntupro/.address: no such file or directory
2026-07-20T12:16:41.988120+00:00 Somesz wsl-pro-service[3791]: message repeated 15 times: [ #033[33mWARNING#033[0m Daemon: could not connect to Windows Agent: could not get address: could not read agent port file "/mnt/c/Users/acer/.ubuntupro/.address": open /mnt/c/Users/acer/.ubuntupro/.address: no such file or directory]
2026-07-20T12:17:42.050200+00:00 Somesz wsl-pro-service[3791]: #033[33mWARNING#033[0m Daemon: could not connect to Windows Agent: could not get address: could not read agent port file "/mnt/c/Users/acer/.ubuntupro/.address": open /mnt/c/Users/acer/.ubuntupro/.address: no such file or directory
2026-07-20T12:17:42.050690+00:00 Somesz wsl-pro-service[3791]: #033[33mWARNING#033[0m Exiting after <nil>: check if the Windows agent is installed and running.
2026-07-20T12:37:42.921352+00:00 Somesz wsl-pro-service[3972]: #033[33mWARNING#033[0m Daemon: could not connect to Windows Agent: could not get address: could not read agent port file "/mnt/c/Users/acer/.ubuntupro/.address": open /mnt/c/Users/acer/.ubuntupro/.address: no such file or directory
2026-07-20T12:48:46.607224+00:00 Somesz wsl-pro-service[3972]: message repeated 16 times: [ #033[33mWARNING#033[0m Daemon: could not connect to Windows Agent: could not get address: could not read agent port file "/mnt/c/Users/acer/.ubuntupro/.address": open /mnt/c/Users/acer/.ubuntupro/.address: no such file or directory]
2026-07-20T12:48:46.607612+00:00 Somesz wsl-pro-service[3972]: #033[33mWARNING#033[0m Exiting after <nil>: check if the Windows agent is installed and running.
2026-07-20T13:08:47.702808+00:00 Somesz wsl-pro-service[4119]: #033[33mWARNING#033[0m Daemon: could not connect to Windows Agent: could not get address: could not read agent port file "/mnt/c/Users/acer/.ubuntupro/.address": open /mnt/c/Users/acer/.ubuntupro/.address: no such file or directory
2026-07-20T13:16:51.108166+00:00 Somesz wsl-pro-service[4119]: message repeated 13 times: [ #033[33mWARNING#033[0m Daemon: could not connect to Windows Agent: could not get address: could not read agent port file "/mnt/c/Users/acer/.ubuntupro/.address": open /mnt/c/Users/acer/.ubuntupro/.address: no such file or directory]
2026-07-20T13:17:51.171942+00:00 Somesz wsl-pro-service[4119]: #033[33mWARNING#033[0m Daemon: could not connect to Windows Agent: could not get address: could not read agent port file "/mnt/c/Users/acer/.ubuntupro/.address": open /mnt/c/Users/acer/.ubuntupro/.address: no such file or directory
2026-07-20T13:19:51.301609+00:00 Somesz wsl-pro-service[4119]: message repeated 2 times: [ #033[33mWARNING#033[0m Daemon: could not connect to Windows Agent: could not get address: could not read agent port file "/mnt/c/Users/acer/.ubuntupro/.address": open /mnt/c/Users/acer/.ubuntupro/.address: no such file or directory]
2026-07-20T13:19:51.311353+00:00 Somesz wsl-pro-service[4119]: #033[33mWARNING#033[0m Exiting after <nil>: check if the Windows agent is installed and running.
2026-07-20T13:39:52.299015+00:00 Somesz wsl-pro-service[4227]: #033[33mWARNING#033[0m Daemon: could not connect to Windows Agent: could not get address: could not read agent port file "/mnt/c/Users/acer/.ubuntupro/.address": open /mnt/c/Users/acer/.ubuntupro/.address: no such file or directory
2026-07-20T13:50:56.005697+00:00 Somesz wsl-pro-service[4227]: message repeated 16 times: [ #033[33mWARNING#033[0m Daemon: could not connect to Windows Agent: could not get address: could not read agent port file "/mnt/c/Users/acer/.ubuntupro/.address": open /mnt/c/Users/acer/.ubuntupro/.address: no such file or directory]
2026-07-20T13:50:56.006029+00:00 Somesz wsl-pro-service[4227]: #033[33mWARNING#033[0m Exiting after <nil>: check if the Windows agent is installed and running.
2026-07-20T14:10:57.293254+00:00 Somesz wsl-pro-service[4378]: #033[33mWARNING#033[0m Daemon: could not connect to Windows Agent: could not get address: could not read agent port file "/mnt/c/Users/acer/.ubuntupro/.address": open /mnt/c/Users/acer/.ubuntupro/.address: no such file or directory
2026-07-20T14:17:00.686134+00:00 Somesz wsl-pro-service[4378]: message repeated 11 times: [ #033[33mWARNING#033[0m Daemon: could not connect to Windows Agent: could not get address: could not read agent port file "/mnt/c/Users/acer/.ubuntupro/.address": open /mnt/c/Users/acer/.ubuntupro/.address: no such file or directory]
2026-07-20T14:18:00.748507+00:00 Somesz wsl-pro-service[4378]: #033[33mWARNING#033[0m Daemon: could not connect to Windows Agent: could not get address: could not read agent port file "/mnt/c/Users/acer/.ubuntupro/.address": open /mnt/c/Users/acer/.ubuntupro/.address: no such file or directory
2026-07-20T14:22:00.967252+00:00 Somesz wsl-pro-service[4378]: message repeated 4 times: [ #033[33mWARNING#033[0m Daemon: could not connect to Windows Agent: could not get address: could not read agent port file "/mnt/c/Users/acer/.ubuntupro/.address": open /mnt/c/Users/acer/.ubuntupro/.address: no such file or directory]
2026-07-20T14:22:00.967604+00:00 Somesz wsl-pro-service[4378]: #033[33mWARNING#033[0m Exiting after <nil>: check if the Windows agent is installed and running.
2026-07-20T14:42:02.074970+00:00 Somesz wsl-pro-service[4489]: #033[33mWARNING#033[0m Daemon: could not connect to Windows Agent: could not get address: could not read agent port file "/mnt/c/Users/acer/.ubuntupro/.address": open /mnt/c/Users/acer/.ubuntupro/.address: no such file or directory
2026-07-20T14:53:05.653455+00:00 Somesz wsl-pro-service[4489]: message repeated 16 times: [ #033[33mWARNING#033[0m Daemon: could not connect to Windows Agent: could not get address: could not read agent port file "/mnt/c/Users/acer/.ubuntupro/.address": open /mnt/c/Users/acer/.ubuntupro/.address: no such file or directory]
2026-07-20T14:53:05.653790+00:00 Somesz wsl-pro-service[4489]: #033[33mWARNING#033[0m Exiting after <nil>: check if the Windows agent is installed and running.
2026-07-20T15:13:06.543990+00:00 Somesz wsl-pro-service[4614]: #033[33mWARNING#033[0m Daemon: could not connect to Windows Agent: could not get address: could not read agent port file "/mnt/c/Users/acer/.ubuntupro/.address": open /mnt/c/Users/acer/.ubuntupro/.address: no such file or directory
2026-07-20T15:13:37.583979+00:00 Somesz wsl-pro-service[4614]: message repeated 5 times: [ #033[33mWARNING#033[0m Daemon: could not connect to Windows Agent: could not get address: could not read agent port file "/mnt/c/Users/acer/.ubuntupro/.address": open /mnt/c/Users/acer/.ubuntupro/.address: no such file or directory]
2026-07-20T15:14:09.597485+00:00 Somesz wsl-pro-service[4614]: #033[33mWARNING#033[0m Daemon: could not connect to Windows Agent: could not get address: could not read agent port file "/mnt/c/Users/acer/.ubuntupro/.address": open /mnt/c/Users/acer/.ubuntupro/.address: no such file or directory
2026-07-20T15:16:09.722895+00:00 Somesz wsl-pro-service[4614]: message repeated 2 times: [ #033[33mWARNING#033[0m Daemon: could not connect to Windows Agent: could not get address: could not read agent port file "/mnt/c/Users/acer/.ubuntupro/.address": open /mnt/c/Users/acer/.ubuntupro/.address: no such file or directory]
2026-07-20T15:17:09.775611+00:00 Somesz wsl-pro-service[4614]: #033[33mWARNING#033[0m Daemon: could not connect to Windows Agent: could not get address: could not read agent port file "/mnt/c/Users/acer/.ubuntupro/.address": open /mnt/c/Users/acer/.ubuntupro/.address: no such file or directory
2026-07-20T15:24:10.187329+00:00 Somesz wsl-pro-service[4614]: message repeated 7 times: [ #033[33mWARNING#033[0m Daemon: could not connect to Windows Agent: could not get address: could not read agent port file "/mnt/c/Users/acer/.ubuntupro/.address": open /mnt/c/Users/acer/.ubuntupro/.address: no such file or directory]
2026-07-20T15:24:10.187908+00:00 Somesz wsl-pro-service[4614]: #033[33mWARNING#033[0m Exiting after <nil>: check if the Windows agent is installed and running.
2026-07-20T15:44:11.110088+00:00 Somesz wsl-pro-service[4776]: #033[33mWARNING#033[0m Daemon: could not connect to Windows Agent: could not get address: could not read agent port file "/mnt/c/Users/acer/.ubuntupro/.address": open /mnt/c/Users/acer/.ubuntupro/.address: no such file or directory
2026-07-20T15:55:14.804344+00:00 Somesz wsl-pro-service[4776]: message repeated 16 times: [ #033[33mWARNING#033[0m Daemon: could not connect to Windows Agent: could not get address: could not read agent port file "/mnt/c/Users/acer/.ubuntupro/.address": open /mnt/c/Users/acer/.ubuntupro/.address: no such file or directory]
2026-07-20T15:55:14.804838+00:00 Somesz wsl-pro-service[4776]: #033[33mWARNING#033[0m Exiting after <nil>: check if the Windows agent is installed and running.
2026-07-20T16:15:15.756913+00:00 Somesz wsl-pro-service[4911]: #033[33mWARNING#033[0m Daemon: could not connect to Windows Agent: could not get address: could not read agent port file "/mnt/c/Users/acer/.ubuntupro/.address": open /mnt/c/Users/acer/.ubuntupro/.address: no such file or directory
2026-07-20T16:16:18.831244+00:00 Somesz wsl-pro-service[4911]: message repeated 6 times: [ #033[33mWARNING#033[0m Daemon: could not connect to Windows Agent: could not get address: could not read agent port file "/mnt/c/Users/acer/.ubuntupro/.address": open /mnt/c/Users/acer/.ubuntupro/.address: no such file or directory]
2026-07-20T16:17:18.893721+00:00 Somesz wsl-pro-service[4911]: #033[33mWARNING#033[0m Daemon: could not connect to Windows Agent: could not get address: could not read agent port file "/mnt/c/Users/acer/.ubuntupro/.address": open /mnt/c/Users/acer/.ubuntupro/.address: no such file or directory
2026-07-20T16:26:19.416282+00:00 Somesz wsl-pro-service[4911]: message repeated 9 times: [ #033[33mWARNING#033[0m Daemon: could not connect to Windows Agent: could not get address: could not read agent port file "/mnt/c/Users/acer/.ubuntupro/.address": open /mnt/c/Users/acer/.ubuntupro/.address: no such file or directory]
2026-07-20T16:26:19.416621+00:00 Somesz wsl-pro-service[4911]: #033[33mWARNING#033[0m Exiting after <nil>: check if the Windows agent is installed and running.
2026-07-20T16:46:20.454643+00:00 Somesz wsl-pro-service[5027]: #033[33mWARNING#033[0m Daemon: could not connect to Windows Agent: could not get address: could not read agent port file "/mnt/c/Users/acer/.ubuntupro/.address": open /mnt/c/Users/acer/.ubuntupro/.address: no such file or directory
2026-07-20T16:57:24.133651+00:00 Somesz wsl-pro-service[5027]: message repeated 16 times: [ #033[33mWARNING#033[0m Daemon: could not connect to Windows Agent: could not get address: could not read agent port file "/mnt/c/Users/acer/.ubuntupro/.address": open /mnt/c/Users/acer/.ubuntupro/.address: no such file or directory]
2026-07-20T16:57:24.134145+00:00 Somesz wsl-pro-service[5027]: #033[33mWARNING#033[0m Exiting after <nil>: check if the Windows agent is installed and running.
2026-07-20T17:35:09.249399+00:00 Somesz wsl-pro-service[5099]: #033[33mWARNING#033[0m Daemon: could not connect to Windows Agent: could not get address: could not read agent port file "/mnt/c/Users/acer/.ubuntupro/.address": open /mnt/c/Users/acer/.ubuntupro/.address: no such file or directory
2026-07-20T17:35:16.263327+00:00 Somesz wsl-pro-service[5099]: message repeated 3 times: [ #033[33mWARNING#033[0m Daemon: could not connect to Windows Agent: could not get address: could not read agent port file "/mnt/c/Users/acer/.ubuntupro/.address": open /mnt/c/Users/acer/.ubuntupro/.address: no such file or directory]
2026-07-20T17:35:24.271885+00:00 Somesz wsl-pro-service[5099]: #033[33mWARNING#033[0m Daemon: could not connect to Windows Agent: could not get address: could not read agent port file "/mnt/c/Users/acer/.ubuntupro/.address": open /mnt/c/Users/acer/.ubuntupro/.address: no such file or directory
2026-07-20T17:37:12.384496+00:00 Somesz wsl-pro-service[5099]: message repeated 3 times: [ #033[33mWARNING#033[0m Daemon: could not connect to Windows Agent: could not get address: could not read agent port file "/mnt/c/Users/acer/.ubuntupro/.address": open /mnt/c/Users/acer/.ubuntupro/.address: no such file or directory]
2026-07-20T17:38:12.424994+00:00 Somesz wsl-pro-service[5099]: #033[33mWARNING#033[0m Daemon: could not connect to Windows Agent: could not get address: could not read agent port file "/mnt/c/Users/acer/.ubuntupro/.address": open /mnt/c/Users/acer/.ubuntupro/.address: no such file or directory
2026-07-20T17:39:12.484755+00:00 Somesz wsl-pro-service[5099]: #033[33mWARNING#033[0m Daemon: could not connect to Windows Agent: could not get address: could not read agent port file "/mnt/c/Users/acer/.ubuntupro/.address": open /mnt/c/Users/acer/.ubuntupro/.address: no such file or directory
2026-07-20T17:46:12.869540+00:00 Somesz wsl-pro-service[5099]: message repeated 7 times: [ #033[33mWARNING#033[0m Daemon: could not connect to Windows Agent: could not get address: could not read agent port file "/mnt/c/Users/acer/.ubuntupro/.address": open /mnt/c/Users/acer/.ubuntupro/.address: no such file or directory]
2026-07-20T17:46:12.870173+00:00 Somesz wsl-pro-service[5099]: #033[33mWARNING#033[0m Exiting after <nil>: check if the Windows agent is installed and running.
2026-07-20T18:06:14.812778+00:00 Somesz wsl-pro-service[7205]: #033[33mWARNING#033[0m Daemon: could not connect to Windows Agent: could not get address: could not read agent port file "/mnt/c/Users/acer/.ubuntupro/.address": open /mnt/c/Users/acer/.ubuntupro/.address: no such file or directory
2026-07-20T18:09:18.013168+00:00 Somesz wsl-pro-service[7205]: message repeated 8 times: [ #033[33mWARNING#033[0m Daemon: could not connect to Windows Agent: could not get address: could not read agent port file "/mnt/c/Users/acer/.ubuntupro/.address": open /mnt/c/Users/acer/.ubuntupro/.address: no such file or directory]
2026-07-20T18:10:18.074577+00:00 Somesz wsl-pro-service[7205]: #033[33mWARNING#033[0m Daemon: could not connect to Windows Agent: could not get address: could not read agent port file "/mnt/c/Users/acer/.ubuntupro/.address": open /mnt/c/Users/acer/.ubuntupro/.address: no such file or directory
2026-07-20T18:16:18.347886+00:00 Somesz wsl-pro-service[7205]: message repeated 6 times: [ #033[33mWARNING#033[0m Daemon: could not connect to Windows Agent: could not get address: could not read agent port file "/mnt/c/Users/acer/.ubuntupro/.address": open /mnt/c/Users/acer/.ubuntupro/.address: no such file or directory]
2026-07-20T18:17:18.410677+00:00 Somesz wsl-pro-service[7205]: #033[33mWARNING#033[0m Daemon: could not connect to Windows Agent: could not get address: could not read agent port file "/mnt/c/Users/acer/.ubuntupro/.address": open /mnt/c/Users/acer/.ubuntupro/.address: no such file or directory
2026-07-20T18:17:18.411057+00:00 Somesz wsl-pro-service[7205]: #033[33mWARNING#033[0m Exiting after <nil>: check if the Windows agent is installed and running.
2026-07-20T18:37:19.382587+00:00 Somesz wsl-pro-service[7392]: #033[33mWARNING#033[0m Daemon: could not connect to Windows Agent: could not get address: could not read agent port file "/mnt/c/Users/acer/.ubuntupro/.address": open /mnt/c/Users/acer/.ubuntupro/.address: no such file or directory
2026-07-20T18:48:23.023360+00:00 Somesz wsl-pro-service[7392]: message repeated 16 times: [ #033[33mWARNING#033[0m Daemon: could not connect to Windows Agent: could not get address: could not read agent port file "/mnt/c/Users/acer/.ubuntupro/.address": open /mnt/c/Users/acer/.ubuntupro/.address: no such file or directory]
2026-07-20T18:48:23.023953+00:00 Somesz wsl-pro-service[7392]: #033[33mWARNING#033[0m Exiting after <nil>: check if the Windows agent is installed and running.
2026-07-20T19:08:23.836624+00:00 Somesz wsl-pro-service[7662]: #033[33mWARNING#033[0m Daemon: could not connect to Windows Agent: could not get address: could not read agent port file "/mnt/c/Users/acer/.ubuntupro/.address": open /mnt/c/Users/acer/.ubuntupro/.address: no such file or directory
2026-07-20T19:16:27.300011+00:00 Somesz wsl-pro-service[7662]: message repeated 13 times: [ #033[33mWARNING#033[0m Daemon: could not connect to Windows Agent: could not get address: could not read agent port file "/mnt/c/Users/acer/.ubuntupro/.address": open /mnt/c/Users/acer/.ubuntupro/.address: no such file or directory]
2026-07-20T19:17:27.333293+00:00 Somesz wsl-pro-service[7662]: #033[33mWARNING#033[0m Daemon: could not connect to Windows Agent: could not get address: could not read agent port file "/mnt/c/Users/acer/.ubuntupro/.address": open /mnt/c/Users/acer/.ubuntupro/.address: no such file or directory
2026-07-20T19:18:27.395531+00:00 Somesz wsl-pro-service[7662]: #033[33mWARNING#033[0m Daemon: could not connect to Windows Agent: could not get address: could not read agent port file "/mnt/c/Users/acer/.ubuntupro/.address": open /mnt/c/Users/acer/.ubuntupro/.address: no such file or directory
2026-07-20T19:19:27.446873+00:00 Somesz wsl-pro-service[7662]: #033[33mWARNING#033[0m Daemon: could not connect to Windows Agent: could not get address: could not read agent port file "/mnt/c/Users/acer/.ubuntupro/.address": open /mnt/c/Users/acer/.ubuntupro/.address: no such file or directory
2026-07-20T19:19:27.447120+00:00 Somesz wsl-pro-service[7662]: #033[33mWARNING#033[0m Exiting after <nil>: check if the Windows agent is installed and running.
2026-07-20T19:39:29.051166+00:00 Somesz wsl-pro-service[8060]: #033[33mWARNING#033[0m Daemon: could not connect to Windows Agent: could not get address: could not read agent port file "/mnt/c/Users/acer/.ubuntupro/.address": open /mnt/c/Users/acer/.ubuntupro/.address: no such file or directory
2026-07-20T19:40:00.093004+00:00 Somesz wsl-pro-service[8060]: message repeated 5 times: [ #033[33mWARNING#033[0m Daemon: could not connect to Windows Agent: could not get address: could not read agent port file "/mnt/c/Users/acer/.ubuntupro/.address": open /mnt/c/Users/acer/.ubuntupro/.address: no such file or directory]
2026-07-20T19:40:32.128026+00:00 Somesz wsl-pro-service[8060]: #033[33mWARNING#033[0m Daemon: could not connect to Windows Agent: could not get address: could not read agent port file "/mnt/c/Users/acer/.ubuntupro/.address": open /mnt/c/Users/acer/.ubuntupro/.address: no such file or directory
2026-07-20T19:50:32.733668+00:00 Somesz wsl-pro-service[8060]: message repeated 10 times: [ #033[33mWARNING#033[0m Daemon: could not connect to Windows Agent: could not get address: could not read agent port file "/mnt/c/Users/acer/.ubuntupro/.address": open /mnt/c/Users/acer/.ubuntupro/.address: no such file or directory]
2026-07-20T19:50:32.734202+00:00 Somesz wsl-pro-service[8060]: #033[33mWARNING#033[0m Exiting after <nil>: check if the Windows agent is installed and running.
2026-07-20T20:10:33.542047+00:00 Somesz wsl-pro-service[8676]: #033[33mWARNING#033[0m Daemon: could not connect to Windows Agent: could not get address: could not read agent port file "/mnt/c/Users/acer/.ubuntupro/.address": open /mnt/c/Users/acer/.ubuntupro/.address: no such file or directory
2026-07-20T20:16:36.884290+00:00 Somesz wsl-pro-service[8676]: message repeated 11 times: [ #033[33mWARNING#033[0m Daemon: could not connect to Windows Agent: could not get address: could not read agent port file "/mnt/c/Users/acer/.ubuntupro/.address": open /mnt/c/Users/acer/.ubuntupro/.address: no such file or directory]
2026-07-20T20:17:36.945945+00:00 Somesz wsl-pro-service[8676]: #033[33mWARNING#033[0m Daemon: could not connect to Windows Agent: could not get address: could not read agent port file "/mnt/c/Users/acer/.ubuntupro/.address": open /mnt/c/Users/acer/.ubuntupro/.address: no such file or directory
2026-07-20T20:21:37.155970+00:00 Somesz wsl-pro-service[8676]: message repeated 4 times: [ #033[33mWARNING#033[0m Daemon: could not connect to Windows Agent: could not get address: could not read agent port file "/mnt/c/Users/acer/.ubuntupro/.address": open /mnt/c/Users/acer/.ubuntupro/.address: no such file or directory]
2026-07-20T20:21:37.156455+00:00 Somesz wsl-pro-service[8676]: #033[33mWARNING#033[0m Exiting after <nil>: check if the Windows agent is installed and running.
2026-07-21T07:03:52.644186+00:00 Somesz kernel: Speculative Return Stack Overflow: WARNING: See https://kernel.org/doc/html/latest/admin-guide/hw-vuln/srso.html for mitigation options.
2026-07-21T07:03:52.644462+00:00 Somesz kernel: SGI XFS with ACLs, security attributes, realtime, verbose warnings, quota, no debug enabled
2026-07-21T07:03:52.644785+00:00 Somesz kernel: WSL (2 - init-systemd(Ubuntu)) WARNING: /usr/share/zoneinfo/Asia/Calcutta not found. Is the tzdata package installed?
2026-07-21T07:03:53.240554+00:00 Somesz chronyd-starter.sh[219]: Warning: Running in a container, likely impossible and unintended to sync system clock
2026-07-21T07:03:55.234951+00:00 Somesz unattended-upgrade-shutdown[470]: /usr/share/unattended-upgrades/unattended-upgrade-shutdown:250: PyGIDeprecationWarning: GLib.unix_signal_add is deprecated; use GLibUnix.signal_add instead
2026-07-21T07:03:59.619577+00:00 Somesz wsl-pro-service[300]: #033[33mWARNING#033[0m Daemon: could not connect to Windows Agent: could not get address: could not read agent port file "/mnt/c/Users/acer/.ubuntupro/.address": open /mnt/c/Users/acer/.ubuntupro/.address: no such file or directory
2026-07-21T07:03:59.924873+00:00 Somesz snapd[265]: autorepair.go:177: WARNING: the system booted with an old initrd without unlocked status reporting
2026-07-21T07:04:00.625546+00:00 Somesz wsl-pro-service[300]: #033[33mWARNING#033[0m Daemon: could not connect to Windows Agent: could not get address: could not read agent port file "/mnt/c/Users/acer/.ubuntupro/.address": open /mnt/c/Users/acer/.ubuntupro/.address: no such file or directory
2026-07-21T07:04:02.631284+00:00 Somesz wsl-pro-service[300]: #033[33mWARNING#033[0m Daemon: could not connect to Windows Agent: could not get address: could not read agent port file "/mnt/c/Users/acer/.ubuntupro/.address": open /mnt/c/Users/acer/.ubuntupro/.address: no such file or directory
2026-07-21T07:04:06.637225+00:00 Somesz wsl-pro-service[300]: #033[33mWARNING#033[0m Daemon: could not connect to Windows Agent: could not get address: could not read agent port file "/mnt/c/Users/acer/.ubuntupro/.address": open /mnt/c/Users/acer/.ubuntupro/.address: no such file or directory
2026-07-21T07:04:14.649471+00:00 Somesz wsl-pro-service[300]: #033[33mWARNING#033[0m Daemon: could not connect to Windows Agent: could not get address: could not read agent port file "/mnt/c/Users/acer/.ubuntupro/.address": open /mnt/c/Users/acer/.ubuntupro/.address: no such file or directory
2026-07-21T07:04:30.668830+00:00 Somesz wsl-pro-service[300]: #033[33mWARNING#033[0m Daemon: could not connect to Windows Agent: could not get address: could not read agent port file "/mnt/c/Users/acer/.ubuntupro/.address": open /mnt/c/Users/acer/.ubuntupro/.address: no such file or directory
2026-07-21T07:05:02.702302+00:00 Somesz wsl-pro-service[300]: #033[33mWARNING#033[0m Daemon: could not connect to Windows Agent: could not get address: could not read agent port file "/mnt/c/Users/acer/.ubuntupro/.address": open /mnt/c/Users/acer/.ubuntupro/.address: no such file or directory
2026-07-21T07:06:02.762634+00:00 Somesz wsl-pro-service[300]: #033[33mWARNING#033[0m Daemon: could not connect to Windows Agent: could not get address: could not read agent port file "/mnt/c/Users/acer/.ubuntupro/.address": open /mnt/c/Users/acer/.ubuntupro/.address: no such file or directory
2026-07-21T07:08:02.885055+00:00 Somesz wsl-pro-service[300]: message repeated 2 times: [ #033[33mWARNING#033[0m Daemon: could not connect to Windows Agent: could not get address: could not read agent port file "/mnt/c/Users/acer/.ubuntupro/.address": open /mnt/c/Users/acer/.ubuntupro/.address: no such file or directory]
2026-07-21T07:09:02.949365+00:00 Somesz wsl-pro-service[300]: #033[33mWARNING#033[0m Daemon: could not connect to Windows Agent: could not get address: could not read agent port file "/mnt/c/Users/acer/.ubuntupro/.address": open /mnt/c/Users/acer/.ubuntupro/.address: no such file or directory
2026-07-21T07:10:03.010374+00:00 Somesz wsl-pro-service[300]: #033[33mWARNING#033[0m Daemon: could not connect to Windows Agent: could not get address: could not read agent port file "/mnt/c/Users/acer/.ubuntupro/.address": open /mnt/c/Users/acer/.ubuntupro/.address: no such file or directory
2026-07-21T07:11:03.071700+00:00 Somesz wsl-pro-service[300]: #033[33mWARNING#033[0m Daemon: could not connect to Windows Agent: could not get address: could not read agent port file "/mnt/c/Users/acer/.ubuntupro/.address": open /mnt/c/Users/acer/.ubuntupro/.address: no such file or directory
2026-07-21T07:12:03.133125+00:00 Somesz wsl-pro-service[300]: #033[33mWARNING#033[0m Daemon: could not connect to Windows Agent: could not get address: could not read agent port file "/mnt/c/Users/acer/.ubuntupro/.address": open /mnt/c/Users/acer/.ubuntupro/.address: no such file or directory
2026-07-21T07:13:03.199745+00:00 Somesz wsl-pro-service[300]: #033[33mWARNING#033[0m Daemon: could not connect to Windows Agent: could not get address: could not read agent port file "/mnt/c/Users/acer/.ubuntupro/.address": open /mnt/c/Users/acer/.ubuntupro/.address: no such file or directory
2026-07-21T07:15:03.318179+00:00 Somesz wsl-pro-service[300]: message repeated 2 times: [ #033[33mWARNING#033[0m Daemon: could not connect to Windows Agent: could not get address: could not read agent port file "/mnt/c/Users/acer/.ubuntupro/.address": open /mnt/c/Users/acer/.ubuntupro/.address: no such file or directory]
2026-07-21T07:15:03.319309+00:00 Somesz wsl-pro-service[300]: #033[33mWARNING#033[0m Exiting after <nil>: check if the Windows agent is installed and running.
2026-07-21T07:35:05.786548+00:00 Somesz wsl-pro-service[2780]: #033[33mWARNING#033[0m Daemon: could not connect to Windows Agent: could not get address: could not read agent port file "/mnt/c/Users/acer/.ubuntupro/.address": open /mnt/c/Users/acer/.ubuntupro/.address: no such file or directory
2026-07-21T07:35:08.795098+00:00 Somesz wsl-pro-service[2780]: message repeated 2 times: [ #033[33mWARNING#033[0m Daemon: could not connect to Windows Agent: could not get address: could not read agent port file "/mnt/c/Users/acer/.ubuntupro/.address": open /mnt/c/Users/acer/.ubuntupro/.address: no such file or directory]
2026-07-21T07:35:12.801715+00:00 Somesz wsl-pro-service[2780]: #033[33mWARNING#033[0m Daemon: could not connect to Windows Agent: could not get address: could not read agent port file "/mnt/c/Users/acer/.ubuntupro/.address": open /mnt/c/Users/acer/.ubuntupro/.address: no such file or directory
2026-07-21T07:35:36.830904+00:00 Somesz wsl-pro-service[2780]: message repeated 2 times: [ #033[33mWARNING#033[0m Daemon: could not connect to Windows Agent: could not get address: could not read agent port file "/mnt/c/Users/acer/.ubuntupro/.address": open /mnt/c/Users/acer/.ubuntupro/.address: no such file or directory]
2026-07-21T07:36:08.863584+00:00 Somesz wsl-pro-service[2780]: #033[33mWARNING#033[0m Daemon: could not connect to Windows Agent: could not get address: could not read agent port file "/mnt/c/Users/acer/.ubuntupro/.address": open /mnt/c/Users/acer/.ubuntupro/.address: no such file or directory
2026-07-21T07:37:08.926325+00:00 Somesz wsl-pro-service[2780]: #033[33mWARNING#033[0m Daemon: could not connect to Windows Agent: could not get address: could not read agent port file "/mnt/c/Users/acer/.ubuntupro/.address": open /mnt/c/Users/acer/.ubuntupro/.address: no such file or directory
2026-07-21T07:38:08.989960+00:00 Somesz wsl-pro-service[2780]: #033[33mWARNING#033[0m Daemon: could not connect to Windows Agent: could not get address: could not read agent port file "/mnt/c/Users/acer/.ubuntupro/.address": open /mnt/c/Users/acer/.ubuntupro/.address: no such file or directory
2026-07-21T07:39:09.054486+00:00 Somesz wsl-pro-service[2780]: #033[33mWARNING#033[0m Daemon: could not connect to Windows Agent: could not get address: could not read agent port file "/mnt/c/Users/acer/.ubuntupro/.address": open /mnt/c/Users/acer/.ubuntupro/.address: no such file or directory
2026-07-21T07:40:09.115888+00:00 Somesz wsl-pro-service[2780]: #033[33mWARNING#033[0m Daemon: could not connect to Windows Agent: could not get address: could not read agent port file "/mnt/c/Users/acer/.ubuntupro/.address": open /mnt/c/Users/acer/.ubuntupro/.address: no such file or directory
2026-07-21T07:41:09.177234+00:00 Somesz wsl-pro-service[2780]: #033[33mWARNING#033[0m Daemon: could not connect to Windows Agent: could not get address: could not read agent port file "/mnt/c/Users/acer/.ubuntupro/.address": open /mnt/c/Users/acer/.ubuntupro/.address: no such file or directory

Failed Services
------------------------------------------------------
2026-07-19T03:48:02.277460+00:00 Somesz kernel: misc dxg: dxgk: dxgkio_is_feature_enabled: Ioctl failed: -22
2026-07-19T03:48:02.277461+00:00 Somesz kernel: misc dxg: dxgk: dxgkio_query_adapter_info: Ioctl failed: -22
2026-07-19T03:48:02.277466+00:00 Somesz kernel: message repeated 2 times: [ misc dxg: dxgk: dxgkio_query_adapter_info: Ioctl failed: -22]
2026-07-19T03:48:02.277472+00:00 Somesz kernel: misc dxg: dxgk: dxgkio_query_adapter_info: Ioctl failed: -2
2026-07-19T03:48:02.277478+00:00 Somesz kernel: Failed to connect to system scope bus via local transport: No such file or directory
2026-07-19T03:48:02.277479+00:00 Somesz kernel: Failed to connect to system scope bus via local transport: No such file or directory
2026-07-19T03:48:03.067291+00:00 Somesz NetworkManager[251]: <info>  [1784432883.0668] failed to open /run/network/ifstate
2026-07-19T03:53:51.710649+00:00 Somesz ubuntu-insights[711]: 2026/07/19 03:53:51 WARN failed to run wsl.exe -v error="exit status 1"
2026-07-19T03:53:52.866839+00:00 Somesz ubuntu-insights[711]: 2026/07/19 03:53:52 ERROR failed to collect insights: insights write failed: report already exists for this period
2026-07-19T10:48:51.569696+00:00 Somesz kernel: WSL (137) ERROR: CheckConnection: getaddrinfo() failed: -5
2026-07-20T06:24:44.688542+00:00 Somesz kernel: Failed to register legacy timer interrupt
2026-07-20T06:24:44.693808+00:00 Somesz kernel: misc dxg: dxgk: dxgkio_is_feature_enabled: Ioctl failed: -22
2026-07-20T06:24:44.693809+00:00 Somesz kernel: misc dxg: dxgk: dxgkio_query_adapter_info: Ioctl failed: -22
2026-07-20T06:24:44.693812+00:00 Somesz kernel: message repeated 2 times: [ misc dxg: dxgk: dxgkio_query_adapter_info: Ioctl failed: -22]
2026-07-20T06:24:44.693814+00:00 Somesz kernel: misc dxg: dxgk: dxgkio_query_adapter_info: Ioctl failed: -2
2026-07-20T06:24:44.693824+00:00 Somesz kernel: Failed to connect to system scope bus via local transport: No such file or directory
2026-07-20T06:24:44.693824+00:00 Somesz kernel: Failed to connect to system scope bus via local transport: No such file or directory
2026-07-20T06:24:45.238482+00:00 Somesz NetworkManager[263]: <info>  [1784528685.2382] failed to open /run/network/ifstate
2026-07-20T06:24:47.230732+00:00 Somesz kernel: WSL (135) ERROR: CheckConnection: getaddrinfo() failed: -5
2026-07-20T06:30:42.890848+00:00 Somesz ubuntu-insights[742]: 2026/07/20 06:30:42 WARN failed to run wsl.exe -v error="exit status 1"
2026-07-20T08:00:10.187981+00:00 Somesz kernel: WSL (135) ERROR: CheckConnection: getaddrinfo() failed: -5
2026-07-20T09:57:39.952452+00:00 Somesz kernel: message repeated 4 times: [ WSL (135) ERROR: CheckConnection: getaddrinfo() failed: -5]
2026-07-21T07:03:52.644165+00:00 Somesz kernel: Failed to register legacy timer interrupt
2026-07-21T07:03:52.644785+00:00 Somesz kernel: misc dxg: dxgk: dxgkio_is_feature_enabled: Ioctl failed: -22
2026-07-21T07:03:52.644786+00:00 Somesz kernel: misc dxg: dxgk: dxgkio_query_adapter_info: Ioctl failed: -22
2026-07-21T07:03:52.644789+00:00 Somesz kernel: message repeated 2 times: [ misc dxg: dxgk: dxgkio_query_adapter_info: Ioctl failed: -22]
2026-07-21T07:03:52.644791+00:00 Somesz kernel: misc dxg: dxgk: dxgkio_query_adapter_info: Ioctl failed: -2
2026-07-21T07:03:52.644810+00:00 Somesz kernel: Failed to connect to system scope bus via local transport: No such file or directory
2026-07-21T07:03:52.644810+00:00 Somesz kernel: Failed to connect to system scope bus via local transport: No such file or directory
2026-07-21T07:03:52.644811+00:00 Somesz kernel: WSL (139) ERROR: CheckConnection: getaddrinfo() failed: -5
2026-07-21T07:03:52.644812+00:00 Somesz kernel: Failed to connect to system scope bus via local transport: No such file or directory
2026-07-21T07:03:54.180619+00:00 Somesz NetworkManager[340]: <info>  [1784617434.1803] failed to open /run/network/ifstate
2026-07-21T07:09:28.885874+00:00 Somesz ubuntu-insights[1067]: 2026/07/21 07:09:28 WARN failed to run wsl.exe -v error="exit status 1"
2026-07-21T07:09:30.064832+00:00 Somesz ubuntu-insights[1067]: 2026/07/21 07:09:30 ERROR failed to collect insights: insights write failed: report already exists for this period

Kernel Messages
------------------------------------------------------
2026-07-19T03:47:25.276515+00:00 Somesz kernel: Exception: 
2026-07-19T03:47:25.276688+00:00 Somesz kernel: Operation canceled @p9io.cpp:258 (AcceptAsync)
2026-07-19T03:47:25.276749+00:00 Somesz kernel: 
2026-07-19T03:48:02.277120+00:00 Somesz kernel: systemd-journald[51]: Received SIGTERM from PID 1 (systemd-shutdow).
2026-07-19T03:48:02.277449+00:00 Somesz kernel: EXT4-fs (sdd): unmounting filesystem 536d97b5-4c71-4212-8214-5db1d9351c85.
2026-07-19T03:48:02.277369+00:00 Somesz systemd-sysctl[69]: Couldn't write '1' to 'kernel/apparmor_restrict_unprivileged_userns', ignoring: No such file or directory
2026-07-19T03:48:02.277459+00:00 Somesz kernel: EXT4-fs (sdd): mounted filesystem 536d97b5-4c71-4212-8214-5db1d9351c85 r/w with ordered data mode. Quota mode: none.
2026-07-19T03:48:02.277460+00:00 Somesz kernel: WSL (2 - init-systemd(Ubuntu)) WARNING: /usr/share/zoneinfo/Asia/Calcutta not found. Is the tzdata package installed?
2026-07-19T03:48:02.277460+00:00 Somesz kernel: misc dxg: dxgk: dxgkio_is_feature_enabled: Ioctl failed: -22
2026-07-19T03:48:02.277461+00:00 Somesz kernel: misc dxg: dxgk: dxgkio_query_adapter_info: Ioctl failed: -22
2026-07-19T03:48:02.277463+00:00 Somesz systemd-sysctl[69]: Couldn't write '1' to 'kernel/apparmor_restrict_unprivileged_unconfined', ignoring: No such file or directory
2026-07-19T03:48:02.277466+00:00 Somesz kernel: message repeated 2 times: [ misc dxg: dxgk: dxgkio_query_adapter_info: Ioctl failed: -22]
2026-07-19T03:48:02.277472+00:00 Somesz kernel: misc dxg: dxgk: dxgkio_query_adapter_info: Ioctl failed: -2
2026-07-19T03:48:02.277478+00:00 Somesz kernel: Failed to connect to system scope bus via local transport: No such file or directory
2026-07-19T03:48:02.277479+00:00 Somesz kernel: Failed to connect to system scope bus via local transport: No such file or directory
2026-07-19T03:48:02.277480+00:00 Somesz kernel: systemd-journald[54]: Collecting audit messages is disabled.
2026-07-19T03:48:02.277481+00:00 Somesz kernel: systemd-journald[54]: Received client request to flush runtime journal.
2026-07-19T03:48:02.277481+00:00 Somesz kernel: systemd-journald[54]: File /var/log/journal/f7fe2b9dfa7b4474be59041b6752b58e/system.journal corrupted or uncleanly shut down, renaming and replacing.
2026-07-19T03:48:02.277479+00:00 Somesz systemd[1]: Finished systemd-sysctl.service - Apply Kernel Variables.
2026-07-19T03:48:02.278189+00:00 Somesz systemd[1]: Started dmesg.service - Save initial kernel messages after boot.
2026-07-19T03:48:02.646839+00:00 Somesz NetworkManager[251]: <info>  [1784432882.6466] manager[0x5ef9bf14a340]: monitoring kernel firmware directory '/lib/firmware'.
2026-07-19T03:48:02.651991+00:00 Somesz dbus-daemon[212]: [system] Activating via systemd: service name='org.freedesktop.hostname1' unit='dbus-org.freedesktop.hostname1.service' requested by ':1.6' (uid=0 pid=251 comm="/usr/sbin/NetworkManager --no-daemon" label="kernel")
2026-07-19T03:48:03.041486+00:00 Somesz dbus-daemon[212]: [system] Activating via systemd: service name='org.freedesktop.nm_dispatcher' unit='dbus-org.freedesktop.nm-dispatcher.service' requested by ':1.6' (uid=0 pid=251 comm="/usr/sbin/NetworkManager --no-daemon" label="kernel")
2026-07-19T03:48:04.552799+00:00 Somesz dbus-daemon[212]: [system] Activating via systemd: service name='org.freedesktop.timedate1' unit='dbus-org.freedesktop.timedate1.service' requested by ':1.11' (uid=0 pid=223 comm="/snap/snapd/current/usr/lib/snapd/snapd" label="kernel")
2026-07-19T03:48:05.635341+00:00 Somesz kernel: systemd-journald[54]: File /var/log/journal/f7fe2b9dfa7b4474be59041b6752b58e/user-1000.journal corrupted or uncleanly shut down, renaming and replacing.
2026-07-19T03:49:03.571426+00:00 Somesz kernel: mini_init (121): drop_caches: 1
2026-07-19T03:53:52.864355+00:00 Somesz ubuntu-insights[711]:         "kernelVersion": "6.18.33.1-microsoft-standard-WSL2"
2026-07-19T04:05:18.357093+00:00 Somesz kernel: hv_utils: TimeSync IC version 4.0
2026-07-19T10:33:51.416109+00:00 Somesz kernel: WSL (2 - init-systemd(Ubuntu)) WARNING: /usr/share/zoneinfo/Asia/Calcutta not found. Is the tzdata package installed?
2026-07-19T10:33:51.416159+00:00 Somesz kernel: WSL (2 - init-systemd(Ubuntu)) WARNING: /usr/share/zoneinfo/Asia/Calcutta not found. Is the tzdata package installed?
2026-07-19T10:33:51.431020+00:00 Somesz kernel: hv_utils: TimeSync IC version 4.0
2026-07-19T10:48:51.569696+00:00 Somesz kernel: WSL (137) ERROR: CheckConnection: getaddrinfo() failed: -5
2026-07-19T10:48:51.569780+00:00 Somesz kernel: WSL (2 - init-systemd(Ubuntu)) WARNING: /usr/share/zoneinfo/Asia/Calcutta not found. Is the tzdata package installed?
2026-07-19T10:48:51.569782+00:00 Somesz kernel: WSL (2 - init-systemd(Ubuntu)) WARNING: /usr/share/zoneinfo/Asia/Calcutta not found. Is the tzdata package installed?
2026-07-19T16:30:37.658926+00:00 Somesz kernel: mini_init (121): drop_caches: 1
2026-07-19T16:50:07.582974+00:00 Somesz kernel: message repeated 2 times: [ mini_init (121): drop_caches: 1]
2026-07-19T17:48:05.863494+00:00 Somesz kernel: Exception: 
2026-07-19T17:48:05.863983+00:00 Somesz kernel: Operation canceled @p9io.cpp:258 (AcceptAsync)
2026-07-19T17:48:05.863991+00:00 Somesz kernel: 
2026-07-20T06:24:44.679892+00:00 Somesz kernel: Linux version 6.18.33.1-microsoft-standard-WSL2 (root@5e53d226653e) (gcc (GCC) 13.2.0, GNU ld (GNU Binutils) 2.41) #1 SMP PREEMPT_DYNAMIC Fri Jun  5 01:12:21 UTC 2026
2026-07-20T06:24:44.688178+00:00 Somesz kernel: Command line: initrd=\initrd.img WSL_ROOT_INIT=1 panic=-1 nr_cpus=8 hv_utils.timesync_implicit=1 console=hvc0 debug pty.legacy_count=0 WSL_ENABLE_CRASH_DUMP=1
2026-07-20T06:24:44.688192+00:00 Somesz kernel: KERNEL supported cpus:
2026-07-20T06:24:44.688193+00:00 Somesz kernel:   Intel GenuineIntel
2026-07-20T06:24:44.688193+00:00 Somesz kernel:   AMD AuthenticAMD
2026-07-20T06:24:44.688193+00:00 Somesz kernel: BIOS-provided physical RAM map:
2026-07-20T06:24:44.688194+00:00 Somesz kernel: BIOS-e820: [mem 0x0000000000000000-0x000000000009ffff] usable
2026-07-20T06:24:44.688195+00:00 Somesz kernel: BIOS-e820: [mem 0x00000000000e0000-0x00000000000e0fff] reserved
2026-07-20T06:24:44.688198+00:00 Somesz kernel: BIOS-e820: [mem 0x0000000000100000-0x00000000001fffff] ACPI data
2026-07-20T06:24:44.688199+00:00 Somesz kernel: BIOS-e820: [mem 0x0000000000200000-0x00000000e9bfffff] usable
2026-07-20T06:24:44.688199+00:00 Somesz kernel: NX (Execute Disable) protection: active
2026-07-20T06:24:44.688199+00:00 Somesz kernel: APIC: Static calls initialized
2026-07-20T06:24:44.688200+00:00 Somesz kernel: DMI not present or invalid.
2026-07-20T06:24:44.688200+00:00 Somesz kernel: Hypervisor detected: Microsoft Hyper-V
2026-07-20T06:24:44.688203+00:00 Somesz kernel: Hyper-V: privilege flags low 0xae7f, high 0x3b8030, ext 0x2, hints 0x900c2c, misc 0xe0bed7b6
2026-07-20T06:24:44.688204+00:00 Somesz kernel: Hyper-V: Nested features: 0x4a0000
2026-07-20T06:24:44.688205+00:00 Somesz kernel: Hyper-V: LAPIC Timer Frequency: 0xc3500
2026-07-20T06:24:44.688205+00:00 Somesz kernel: Hyper-V: Using hypercall for remote TLB flush
2026-07-20T06:24:44.688206+00:00 Somesz kernel: clocksource: hyperv_clocksource_tsc_page: mask: 0xffffffffffffffff max_cycles: 0x24e6a1710, max_idle_ns: 440795202120 ns
2026-07-20T06:24:44.688207+00:00 Somesz kernel: clocksource: hyperv_clocksource_msr: mask: 0xffffffffffffffff max_cycles: 0x24e6a1710, max_idle_ns: 440795202120 ns
2026-07-20T06:24:44.688277+00:00 Somesz kernel: tsc: Detected 2395.103 MHz processor
2026-07-20T06:24:44.688280+00:00 Somesz kernel: e820: update [mem 0x00000000-0x00000fff] usable ==> reserved
2026-07-20T06:24:44.688281+00:00 Somesz kernel: e820: remove [mem 0x000a0000-0x000fffff] usable
2026-07-20T06:24:44.688282+00:00 Somesz kernel: last_pfn = 0xe9c00 max_arch_pfn = 0x400000000
2026-07-20T06:24:44.688282+00:00 Somesz kernel: MTRR map: 5 entries (4 fixed + 1 variable; max 20), built from 8 variable MTRRs
2026-07-20T06:24:44.688282+00:00 Somesz kernel: x86/PAT: Configuration [0-7]: WB  WC  UC- UC  WB  WP  UC- WT  
2026-07-20T06:24:44.688283+00:00 Somesz kernel: Using GB pages for direct mapping
2026-07-20T06:24:44.688287+00:00 Somesz kernel: RAMDISK: [mem 0x04beb000-0x04e9ffff]
2026-07-20T06:24:44.688287+00:00 Somesz kernel: ACPI: Early table checksum verification disabled
2026-07-20T06:24:44.688288+00:00 Somesz kernel: ACPI: RSDP 0x00000000000E0000 000024 (v02 VRTUAL)
2026-07-20T06:24:44.688288+00:00 Somesz kernel: ACPI: XSDT 0x0000000000100000 000044 (v01 VRTUAL MICROSFT 00000001 MSFT 00000001)
2026-07-20T06:24:44.688289+00:00 Somesz kernel: ACPI: FACP 0x0000000000101000 000114 (v06 VRTUAL MICROSFT 00000001 MSFT 00000001)
2026-07-20T06:24:44.688290+00:00 Somesz kernel: ACPI: DSDT 0x00000000001011B8 01E11C (v02 MSFTVM DSDT01   00000001 INTL 20230628)
2026-07-20T06:24:44.688292+00:00 Somesz kernel: ACPI: FACS 0x0000000000101114 000040
2026-07-20T06:24:44.688293+00:00 Somesz kernel: ACPI: OEM0 0x0000000000101154 000064 (v01 VRTUAL MICROSFT 00000001 MSFT 00000001)
2026-07-20T06:24:44.688293+00:00 Somesz kernel: ACPI: SRAT 0x000000000011F2D4 000330 (v02 VRTUAL MICROSFT 00000001 MSFT 00000001)
2026-07-20T06:24:44.688294+00:00 Somesz kernel: ACPI: APIC 0x000000000011F604 000088 (v04 VRTUAL MICROSFT 00000001 MSFT 00000001)
2026-07-20T06:24:44.688294+00:00 Somesz kernel: ACPI: Reserving FACP table memory at [mem 0x101000-0x101113]
2026-07-20T06:24:44.688294+00:00 Somesz kernel: ACPI: Reserving DSDT table memory at [mem 0x1011b8-0x11f2d3]
2026-07-20T06:24:44.688297+00:00 Somesz kernel: ACPI: Reserving FACS table memory at [mem 0x101114-0x101153]
2026-07-20T06:24:44.688297+00:00 Somesz kernel: ACPI: Reserving OEM0 table memory at [mem 0x101154-0x1011b7]
2026-07-20T06:24:44.688298+00:00 Somesz kernel: ACPI: Reserving SRAT table memory at [mem 0x11f2d4-0x11f603]
2026-07-20T06:24:44.688298+00:00 Somesz kernel: ACPI: Reserving APIC table memory at [mem 0x11f604-0x11f68b]
2026-07-20T06:24:44.688299+00:00 Somesz kernel: ACPI: SRAT: Node 0 PXM 0 [mem 0x00000000-0xe9bfffff] hotplug
2026-07-20T06:24:44.688299+00:00 Somesz kernel: ACPI: SRAT: Node 0 PXM 0 [mem 0xe9c00000-0xf7ffffff] hotplug
2026-07-20T06:24:44.688299+00:00 Somesz kernel: ACPI: SRAT: Node 0 PXM 0 [mem 0x100000000-0x9ffdfffff] hotplug
2026-07-20T06:24:44.688302+00:00 Somesz kernel: ACPI: SRAT: Node 0 PXM 0 [mem 0x1000000000-0xfcffffffff] hotplug
2026-07-20T06:24:44.688303+00:00 Somesz kernel: ACPI: SRAT: Node 0 PXM 0 [mem 0x10000000000-0x1ffffffffff] hotplug
2026-07-20T06:24:44.688303+00:00 Somesz kernel: ACPI: SRAT: Node 0 PXM 0 [mem 0x20000000000-0x3ffffffffff] hotplug
2026-07-20T06:24:44.688303+00:00 Somesz kernel: ACPI: SRAT: Node 0 PXM 0 [mem 0x40000000000-0x7ffffffffff] hotplug
2026-07-20T06:24:44.688304+00:00 Somesz kernel: ACPI: SRAT: Node 0 PXM 0 [mem 0x80000000000-0xfffffffffff] hotplug
2026-07-20T06:24:44.688304+00:00 Somesz kernel: ACPI: SRAT: Node 0 PXM 0 [mem 0x100000000000-0x1fffffffffff] hotplug
2026-07-20T06:24:44.688307+00:00 Somesz kernel: ACPI: SRAT: Node 0 PXM 0 [mem 0x200000000000-0x3fffffffffff] hotplug
2026-07-20T06:24:44.688307+00:00 Somesz kernel: ACPI: SRAT: Node 0 PXM 0 [mem 0x400000000000-0x7fffffffffff] hotplug
2026-07-20T06:24:44.688308+00:00 Somesz kernel: ACPI: SRAT: Node 0 PXM 0 [mem 0x800000000000-0xffffffffffff] hotplug
2026-07-20T06:24:44.688309+00:00 Somesz kernel: ACPI: SRAT: Node 0 PXM 0 [mem 0x1000000000000-0x1ffffffffffff] hotplug
2026-07-20T06:24:44.688309+00:00 Somesz kernel: ACPI: SRAT: Node 0 PXM 0 [mem 0x2000000000000-0x3ffffffffffff] hotplug
2026-07-20T06:24:44.688310+00:00 Somesz kernel: ACPI: SRAT: Node 0 PXM 0 [mem 0x4000000000000-0x7ffffffffffff] hotplug
2026-07-20T06:24:44.688310+00:00 Somesz kernel: ACPI: SRAT: Node 0 PXM 0 [mem 0x8000000000000-0xfffffffffffff] hotplug
2026-07-20T06:24:44.688312+00:00 Somesz kernel: NODE_DATA(0) allocated [mem 0xe9bde300-0xe9bfffff]
2026-07-20T06:24:44.688313+00:00 Somesz kernel: Zone ranges:
2026-07-20T06:24:44.688313+00:00 Somesz kernel:   DMA32    [mem 0x0000000000001000-0x00000000e9bfffff]
2026-07-20T06:24:44.688314+00:00 Somesz kernel:   Normal   empty
2026-07-20T06:24:44.688314+00:00 Somesz kernel:   Device   empty
2026-07-20T06:24:44.688314+00:00 Somesz kernel: Movable zone start for each node
2026-07-20T06:24:44.688317+00:00 Somesz kernel: Early memory node ranges
2026-07-20T06:24:44.688317+00:00 Somesz kernel:   node   0: [mem 0x0000000000001000-0x000000000009ffff]
2026-07-20T06:24:44.688318+00:00 Somesz kernel:   node   0: [mem 0x0000000000200000-0x00000000e9bfffff]
2026-07-20T06:24:44.688318+00:00 Somesz kernel: Initmem setup node 0 [mem 0x0000000000001000-0x00000000e9bfffff]
2026-07-20T06:24:44.688319+00:00 Somesz kernel: On node 0, zone DMA32: 1 pages in unavailable ranges
2026-07-20T06:24:44.688319+00:00 Somesz kernel: On node 0, zone DMA32: 352 pages in unavailable ranges
2026-07-20T06:24:44.688321+00:00 Somesz kernel: On node 0, zone DMA32: 25600 pages in unavailable ranges
2026-07-20T06:24:44.688322+00:00 Somesz kernel: ACPI: PM-Timer IO Port: 0x408
2026-07-20T06:24:44.688322+00:00 Somesz kernel: ACPI: LAPIC_NMI (acpi_id[0x01] dfl dfl lint[0x1])
2026-07-20T06:24:44.688323+00:00 Somesz kernel: IOAPIC[0]: apic_id 8, version 17, address 0xfec00000, GSI 0-23
2026-07-20T06:24:44.688323+00:00 Somesz kernel: ACPI: INT_SRC_OVR (bus 0 bus_irq 9 global_irq 9 high level)
2026-07-20T06:24:44.688323+00:00 Somesz kernel: ACPI: Using ACPI (MADT) for SMP configuration information
2026-07-20T06:24:44.688324+00:00 Somesz kernel: CPU topo: Max. logical packages:   1
2026-07-20T06:24:44.688326+00:00 Somesz kernel: CPU topo: Max. logical dies:       1
2026-07-20T06:24:44.688327+00:00 Somesz kernel: CPU topo: Max. dies per package:   1
2026-07-20T06:24:44.688327+00:00 Somesz kernel: CPU topo: Max. threads per core:   2
2026-07-20T06:24:44.688328+00:00 Somesz kernel: CPU topo: Num. cores per package:     4
2026-07-20T06:24:44.688328+00:00 Somesz kernel: CPU topo: Num. threads per package:   8
2026-07-20T06:24:44.688329+00:00 Somesz kernel: CPU topo: Allowing 8 present CPUs plus 0 hotplug CPUs
2026-07-20T06:24:44.688331+00:00 Somesz kernel: random: crng init done
2026-07-20T06:24:44.688331+00:00 Somesz kernel: PM: hibernation: Registered nosave memory: [mem 0x00000000-0x00000fff]
2026-07-20T06:24:44.688332+00:00 Somesz kernel: PM: hibernation: Registered nosave memory: [mem 0x000a0000-0x001fffff]
2026-07-20T06:24:44.688332+00:00 Somesz kernel: [mem 0xe9c00000-0xffffffff] available for PCI devices
2026-07-20T06:24:44.688333+00:00 Somesz kernel: Booting paravirtualized kernel on Hyper-V
2026-07-20T06:24:44.688333+00:00 Somesz kernel: clocksource: refined-jiffies: mask: 0xffffffff max_cycles: 0xffffffff, max_idle_ns: 7645519600211568 ns
2026-07-20T06:24:44.688335+00:00 Somesz kernel: setup_percpu: NR_CPUS:8192 nr_cpumask_bits:8 nr_cpu_ids:8 nr_node_ids:1
2026-07-20T06:24:44.688336+00:00 Somesz kernel: percpu: Embedded 61 pages/cpu s212992 r8192 d28672 u262144
2026-07-20T06:24:44.688337+00:00 Somesz kernel: pcpu-alloc: s212992 r8192 d28672 u262144 alloc=1*2097152
2026-07-20T06:24:44.688337+00:00 Somesz kernel: pcpu-alloc: [0] 0 1 2 3 4 5 6 7 
2026-07-20T06:24:44.688337+00:00 Somesz kernel: Hyper-V: PV spinlocks enabled
2026-07-20T06:24:44.688338+00:00 Somesz kernel: PV qspinlock hash table entries: 256 (order: 0, 4096 bytes, linear)
2026-07-20T06:24:44.688338+00:00 Somesz kernel: Kernel command line: initrd=\initrd.img WSL_ROOT_INIT=1 panic=-1 nr_cpus=8 hv_utils.timesync_implicit=1 console=hvc0 debug pty.legacy_count=0 WSL_ENABLE_CRASH_DUMP=1
2026-07-20T06:24:44.688341+00:00 Somesz kernel: Unknown kernel command line parameters "WSL_ROOT_INIT=1 WSL_ENABLE_CRASH_DUMP=1", will be passed to user space.
2026-07-20T06:24:44.688341+00:00 Somesz kernel: printk: log buffer data + meta data: 262144 + 917504 = 1179648 bytes
2026-07-20T06:24:44.688342+00:00 Somesz kernel: Dentry cache hash table entries: 524288 (order: 10, 4194304 bytes, linear)
2026-07-20T06:24:44.688342+00:00 Somesz kernel: Inode-cache hash table entries: 262144 (order: 9, 2097152 bytes, linear)
2026-07-20T06:24:44.688343+00:00 Somesz kernel: software IO TLB: area num 8.
2026-07-20T06:24:44.688343+00:00 Somesz kernel: Fallback order for Node 0: 0 
2026-07-20T06:24:44.688353+00:00 Somesz kernel: Built 1 zonelists, mobility grouping on.  Total pages: 957087
2026-07-20T06:24:44.688353+00:00 Somesz kernel: Policy zone: DMA32
2026-07-20T06:24:44.688459+00:00 Somesz kernel: mem auto-init: stack:off, heap alloc:on, heap free:off
2026-07-20T06:24:44.688459+00:00 Somesz kernel: SLUB: HWalign=64, Order=0-3, MinObjects=0, CPUs=8, Nodes=1
2026-07-20T06:24:44.688460+00:00 Somesz kernel: ftrace: allocating 59125 entries in 232 pages
2026-07-20T06:24:44.688460+00:00 Somesz kernel: ftrace: allocated 232 pages with 4 groups
2026-07-20T06:24:44.688463+00:00 Somesz kernel: Dynamic Preempt: none
2026-07-20T06:24:44.688464+00:00 Somesz kernel: rcu: Preemptible hierarchical RCU implementation.
2026-07-20T06:24:44.688464+00:00 Somesz kernel: rcu: 	RCU restricting CPUs from NR_CPUS=8192 to nr_cpu_ids=8.
2026-07-20T06:24:44.688465+00:00 Somesz kernel: 	Trampoline variant of Tasks RCU enabled.
2026-07-20T06:24:44.688465+00:00 Somesz kernel: 	Rude variant of Tasks RCU enabled.
2026-07-20T06:24:44.688465+00:00 Somesz kernel: 	Tracing variant of Tasks RCU enabled.
2026-07-20T06:24:44.688468+00:00 Somesz kernel: rcu: RCU calculated value of scheduler-enlistment delay is 25 jiffies.
2026-07-20T06:24:44.688468+00:00 Somesz kernel: rcu: Adjusting geometry for rcu_fanout_leaf=16, nr_cpu_ids=8
2026-07-20T06:24:44.688469+00:00 Somesz kernel: RCU Tasks: Setting shift to 3 and lim to 1 rcu_task_cb_adjust=1 rcu_task_cpu_ids=8.
2026-07-20T06:24:44.688469+00:00 Somesz kernel: RCU Tasks Rude: Setting shift to 3 and lim to 1 rcu_task_cb_adjust=1 rcu_task_cpu_ids=8.
2026-07-20T06:24:44.688470+00:00 Somesz kernel: RCU Tasks Trace: Setting shift to 3 and lim to 1 rcu_task_cb_adjust=1 rcu_task_cpu_ids=8.
2026-07-20T06:24:44.688470+00:00 Somesz kernel: Using NULL legacy PIC
2026-07-20T06:24:44.688471+00:00 Somesz kernel: NR_IRQS: 524544, nr_irqs: 488, preallocated irqs: 0
2026-07-20T06:24:44.688538+00:00 Somesz kernel: rcu: srcu_init: Setting srcu_struct sizes based on contention.
2026-07-20T06:24:44.688541+00:00 Somesz kernel: Console: colour dummy device 80x25
2026-07-20T06:24:44.688541+00:00 Somesz kernel: ACPI: Core revision 20250807
2026-07-20T06:24:44.688542+00:00 Somesz kernel: Failed to register legacy timer interrupt
2026-07-20T06:24:44.688542+00:00 Somesz kernel: APIC: Switch to symmetric I/O mode setup
2026-07-20T06:24:44.688542+00:00 Somesz kernel: Hyper-V: Host Build 10.0.26100.8875-8-0
2026-07-20T06:24:44.688546+00:00 Somesz kernel: Hyper-V: enabling crash_kexec_post_notifiers
2026-07-20T06:24:44.688547+00:00 Somesz kernel: Hyper-V: Using IPI hypercalls
2026-07-20T06:24:44.688547+00:00 Somesz kernel: APIC: send_IPI() replaced with hv_send_ipi()
2026-07-20T06:24:44.688548+00:00 Somesz kernel: APIC: send_IPI_mask() replaced with hv_send_ipi_mask()
2026-07-20T06:24:44.688548+00:00 Somesz kernel: APIC: send_IPI_mask_allbutself() replaced with hv_send_ipi_mask_allbutself()
2026-07-20T06:24:44.688549+00:00 Somesz kernel: APIC: send_IPI_allbutself() replaced with hv_send_ipi_allbutself()
2026-07-20T06:24:44.688549+00:00 Somesz kernel: APIC: send_IPI_all() replaced with hv_send_ipi_all()
2026-07-20T06:24:44.688552+00:00 Somesz kernel: APIC: send_IPI_self() replaced with hv_send_ipi_self()
2026-07-20T06:24:44.688552+00:00 Somesz kernel: Hyper-V: Using enlightened APIC (xapic mode)
2026-07-20T06:24:44.688553+00:00 Somesz kernel: APIC: eoi() replaced with hv_apic_eoi_write()
2026-07-20T06:24:44.688553+00:00 Somesz kernel: APIC: read() replaced with hv_apic_read()
2026-07-20T06:24:44.688554+00:00 Somesz kernel: APIC: write() replaced with hv_apic_write()
2026-07-20T06:24:44.688554+00:00 Somesz kernel: APIC: icr_write() replaced with hv_apic_icr_write()
2026-07-20T06:24:44.688557+00:00 Somesz kernel: APIC: icr_read() replaced with hv_apic_icr_read()
2026-07-20T06:24:44.688557+00:00 Somesz kernel: clocksource: tsc-early: mask: 0xffffffffffffffff max_cycles: 0x228625b77f2, max_idle_ns: 440795315509 ns
2026-07-20T06:24:44.688558+00:00 Somesz kernel: Calibrating delay loop (skipped), value calculated using timer frequency.. 4790.20 BogoMIPS (lpj=9580412)
2026-07-20T06:24:44.688558+00:00 Somesz kernel: x86/cpu: User Mode Instruction Prevention (UMIP) activated
2026-07-20T06:24:44.688559+00:00 Somesz kernel: Last level iTLB entries: 4KB 1024, 2MB 1024, 4MB 512
2026-07-20T06:24:44.688559+00:00 Somesz kernel: Last level dTLB entries: 4KB 2048, 2MB 2048, 4MB 1024, 1GB 0
2026-07-20T06:24:44.688561+00:00 Somesz kernel: mitigations: Enabled attack vectors: user_kernel, user_user, guest_host, guest_guest, SMT mitigations: auto
2026-07-20T06:24:44.688562+00:00 Somesz kernel: Speculative Store Bypass: Mitigation: Speculative Store Bypass disabled via prctl
2026-07-20T06:24:44.688563+00:00 Somesz kernel: Speculative Return Stack Overflow: IBPB-extending microcode not applied!
2026-07-20T06:24:44.688563+00:00 Somesz kernel: Speculative Return Stack Overflow: WARNING: See https://kernel.org/doc/html/latest/admin-guide/hw-vuln/srso.html for mitigation options.
2026-07-20T06:24:44.688564+00:00 Somesz kernel: Spectre V2 : Mitigation: Retpolines
2026-07-20T06:24:44.688564+00:00 Somesz kernel: RETBleed: Mitigation: untrained return thunk
2026-07-20T06:24:44.688566+00:00 Somesz kernel: Spectre V2 : Selecting STIBP always-on mode to complement retbleed mitigation
2026-07-20T06:24:44.688567+00:00 Somesz kernel: Spectre V2 : User space: Mitigation: STIBP always-on protection
2026-07-20T06:24:44.688567+00:00 Somesz kernel: Speculative Return Stack Overflow: Vulnerable: Safe RET, no microcode
2026-07-20T06:24:44.688568+00:00 Somesz kernel: Spectre V1 : Mitigation: usercopy/swapgs barriers and __user pointer sanitization
2026-07-20T06:24:44.688568+00:00 Somesz kernel: Spectre V2 : Spectre v2 / SpectreRSB: Filling RSB on context switch and VMEXIT
2026-07-20T06:24:44.688569+00:00 Somesz kernel: Spectre V2 : Enabling Speculation Barrier for firmware calls
2026-07-20T06:24:44.688571+00:00 Somesz kernel: active return thunk: retbleed_return_thunk
2026-07-20T06:24:44.688572+00:00 Somesz kernel: Spectre V2 : mitigation: Enabling conditional Indirect Branch Prediction Barrier
2026-07-20T06:24:44.688573+00:00 Somesz kernel: active return thunk: srso_return_thunk
2026-07-20T06:24:44.688573+00:00 Somesz kernel: x86/fpu: Supporting XSAVE feature 0x001: 'x87 floating point registers'
2026-07-20T06:24:44.688573+00:00 Somesz kernel: x86/fpu: Supporting XSAVE feature 0x002: 'SSE registers'
2026-07-20T06:24:44.688574+00:00 Somesz kernel: x86/fpu: Supporting XSAVE feature 0x004: 'AVX registers'
2026-07-20T06:24:44.688574+00:00 Somesz kernel: x86/fpu: xstate_offset[2]:  576, xstate_sizes[2]:  256
2026-07-20T06:24:44.688577+00:00 Somesz kernel: x86/fpu: Enabled xstate features 0x7, context size is 832 bytes, using 'compacted' format.
2026-07-20T06:24:44.688577+00:00 Somesz kernel: Freeing SMP alternatives memory: 52K
2026-07-20T06:24:44.688578+00:00 Somesz kernel: pid_max: default: 32768 minimum: 301
